
                         Lattice Mapping Report File

Design:  hellosoc_top
Family:  iCE40UP
Device:  iCE40UP5K
Package: UWG30
Performance Grade:  High-Performance_1.2V

Mapper:    version Radiant Software (64-bit) 2024.2.0.3.0
Mapped on: Mon Dec  1 20:24:41 2025

Design Information
------------------

Command line:   map -i lcd_disp_impl_1_syn.udb -o lcd_disp_impl_1_map.udb -mp
     lcd_disp_impl_1.mrp -hierrpt -gui -msgset C:/Users/wchan/Documents/GitHub/e
     155-final-project/disp_fpga/lcd_disp/promote.xml

Design Summary
--------------

   Number of slice registers: 107 out of  5280 (2%)
   Number of I/O registers:      0 out of    63 (0%)
   Number of LUT4s:           183 out of  5280 (3%)
      Number of logic LUT4s:              93
      Number of inserted feedthru LUT4s:  69
      Number of replicated LUT4s:          1
      Number of ripple logic:             10 (20 LUT4s)
   Number of IO sites used:   13 out of 21 (62%)
      Number of IO sites used for general PIO: 13
      Number of IO sites used for I3C: 0 out of 2 (0%)
      (note: If I3C is not used, its site can be used as general PIO)
      Number of IO sites used for PIO+I3C: 13 out of 18 (72%)
      Number of IO sites used for OD+RGB IO buffers: 0 out of 3 (0%)
      (note: If RGB LED drivers are not used, sites can be used as OD outputs,
       see TN1288 iCE40 LED Driver Usage Guide)
      Number of IO sites used for PIO+I3C+OD+RGB: 13 out of 21 (62%)
   Number of DSPs:             0 out of 8 (0%)
   Number of I2Cs:             0 out of 2 (0%)
   Number of High Speed OSCs:  1 out of 1 (100%)
   Number of Low Speed OSCs:   0 out of 1 (0%)
   Number of RGB PWM:          0 out of 1 (0%)
   Number of RGB Drivers:      0 out of 1 (0%)
   Number of SCL FILTERs:      0 out of 2 (0%)
   Number of SRAMs:            0 out of 4 (0%)
   Number of WARMBOOTs:        0 out of 1 (0%)
   Number of SPIs:             0 out of 2 (0%)
   Number of EBRs:             0 out of 30 (0%)
   Number of PLLs:             0 out of 1 (0%)
   Number of Clocks:  1
      Net int_osc: 100 loads, 100 rising, 0 falling (Driver: Pin
     hf_osc.osc_inst/CLKHF)
   Number of Clock Enables:  6
      Net VCC_net: 1 loads, 0 SLICEs
      Net n2941: 1 loads, 1 SLICEs
      Net n2924: 1 loads, 1 SLICEs
      Net n2940: 6 loads, 6 SLICEs
      Net n3116: 4 loads, 4 SLICEs
      Net fr.n2622: 8 loads, 8 SLICEs
   Number of LSRs:  11
      Pin reset: 44 loads, 44 SLICEs (Net: reset_c)

                                    Page 1





Design Summary (cont)
---------------------
      Net n253: 1 loads, 1 SLICEs
      Net fr.n2910: 3 loads, 3 SLICEs
      Net fr.n2908: 3 loads, 3 SLICEs
      Net fr.n2902: 3 loads, 3 SLICEs
      Net fr.n2912: 29 loads, 29 SLICEs
      Net fr.n3442: 2 loads, 2 SLICEs
      Net fr.n3912: 1 loads, 1 SLICEs
      Net am.n2838: 2 loads, 2 SLICEs
      Net am.n2840: 1 loads, 1 SLICEs
      Net am.imageAddress_21__N_1[8]: 3 loads, 3 SLICEs
   Top 10 highest fanout non-clock nets:
      Net reset_c: 66 loads
      Net fr.n2912: 31 loads
      Net fr.n2622: 11 loads
      Net fr.bit_count[1]: 10 loads
      Net fr.bit_count[0]: 9 loads
      Net fr.n3384: 9 loads
      Net fr.state[2]_2: 9 loads
      Net image_c_2: 9 loads
      Net image_c_3: 9 loads
      Net fr.cmd_bit_counter[0]: 8 loads





   Number of warnings:  4
   Number of criticals: 0
   Number of errors:    0

Design Errors/Criticals/Warnings
--------------------------------

WARNING <71003020> - map: Top module port 'tft_sdo' does not connect to
     anything.
WARNING <71003020> - map: Top module port 'flash_miso' does not connect to
     anything.
WARNING <71003020> - map: Top module port 'tft_sdo' does not connect to
     anything.
WARNING <71003020> - map: Top module port 'flash_miso' does not connect to
     anything.

IO (PIO) Attributes
-------------------

+---------------------+-----------+-----------+-------+-------+-----------+
| IO Name             | Direction | Levelmode |  IO   |  IO   | Special   |
|                     |           |  IO_TYPE  |  REG  |  DDR  | IO Buffer |
+---------------------+-----------+-----------+-------+-------+-----------+
| tft_sdi             | OUTPUT    |           |       |       |           |
+---------------------+-----------+-----------+-------+-------+-----------+
| image[0]            | INPUT     |           |       |       |           |
+---------------------+-----------+-----------+-------+-------+-----------+
| image[1]            | INPUT     |           |       |       |           |
+---------------------+-----------+-----------+-------+-------+-----------+
| image[2]            | INPUT     |           |       |       |           |
+---------------------+-----------+-----------+-------+-------+-----------+
| image[3]            | INPUT     |           |       |       |           |

                                    Page 2





IO (PIO) Attributes (cont)
--------------------------
+---------------------+-----------+-----------+-------+-------+-----------+
| reset               | INPUT     |           |       |       |           |
+---------------------+-----------+-----------+-------+-------+-----------+
| flash_cs_n          | OUTPUT    |           |       |       |           |
+---------------------+-----------+-----------+-------+-------+-----------+
| flash_sclk          | OUTPUT    |           |       |       |           |
+---------------------+-----------+-----------+-------+-------+-----------+
| flash_mosi          | OUTPUT    |           |       |       |           |
+---------------------+-----------+-----------+-------+-------+-----------+
| tft_cs              | OUTPUT    |           |       |       |           |
+---------------------+-----------+-----------+-------+-------+-----------+
| tft_reset           | OUTPUT    |           |       |       |           |
+---------------------+-----------+-----------+-------+-------+-----------+
| tft_dc              | OUTPUT    |           |       |       |           |
+---------------------+-----------+-----------+-------+-------+-----------+
| tft_sck             | OUTPUT    |           |       |       |           |
+---------------------+-----------+-----------+-------+-------+-----------+

OSC Summary
-----------

OSC 1:                                 Pin/Node Value
  OSC Instance Name:                            hf_osc.osc_inst
  Power UP:                            NODE     VCC_net
  Enable Signal:                       NODE     VCC_net
  OSC Output:                          NODE     int_osc
  DIV Setting:                                  00

ASIC Components
---------------

Instance Name: hf_osc.osc_inst
         Type: HFOSC

Constraint Summary
------------------

   Total number of constraints: 1
   Total number of constraints dropped: 0

Run Time and Memory Usage
-------------------------

   Total CPU Time: 0 secs
   Total REAL Time: 0 secs
   Peak Memory Usage: 67 MB
Checksum -- map: 42fc3baa3f112a459851e24f1cb5f94696f7d1fa











                                    Page 3


Copyright (c) 1991-1994 by NeoCAD Inc. All rights reserved.
Copyright (c) 1995
     AT&T Corp.   All rights reserved.
Copyright (c) 1995-2001 Lucent
     Technologies Inc.  All rights reserved.
Copyright (c) 2001 Agere Systems
     All rights reserved.
Copyright (c) 2002-2024 Lattice Semiconductor
     Corporation,  All rights reserved.
