Lattice Timing Report -  Setup  and Hold, Version Radiant Software (64-bit) 2024.2.0.3.0

Mon Dec  1 20:25:08 2025

Copyright (c) 1991-1994 by NeoCAD Inc. All rights reserved.
Copyright (c) 1995 AT&T Corp.   All rights reserved.
Copyright (c) 1995-2001 Lucent Technologies Inc.  All rights reserved.
Copyright (c) 2001 Agere Systems   All rights reserved.
Copyright (c) 2002-2024 Lattice Semiconductor Corporation,  All rights reserved.

Command line:    timing -sethld -v 10 -u 10 -endpoints 10 -nperend 1 -sp High-Performance_1.2V -hsp m -pwrprd -html -rpt lcd_disp_impl_1.twr lcd_disp_impl_1.udb -gui -msgset C:/Users/wchan/Documents/GitHub/e155-final-project/disp_fpga/lcd_disp/promote.xml

-----------------------------------------
Design:          hellosoc_top
Family:          iCE40UP
Device:          iCE40UP5K
Package:         UWG30
Performance:     High-Performance_1.2V
Package Status:                     Preliminary    Version 1.5
**Performance Hardware Data Status :   Advanced Version 1.0
-----------------------------------------


=====================================================================
                    Table of Contents
=====================================================================
    1  Timing Overview
        1.1  SDC Constraints
        1.2  Constraint Coverage
        1.3  Overall Summary
        1.4  Unconstrained Report
        1.5  Combinational Loop
    2  Setup at Speed Grade High-Performance_1.2V Corner at 100 Degrees
        2.1  Clock Summary
        2.2  Endpoint slacks
        2.3  Detailed Report
    3  Hold at Speed Grade m Corner at -40 Degrees
        3.1  Endpoint slacks
        3.2  Detailed Report

=====================================================================
                    End of Table of Contents
=====================================================================

==============================================
1  Timing Overview
==============================================

1.1  SDC Constraints
=====================
create_clock -name {int_osc} -period 20.8333 [get_pins {hf_osc.osc_inst/CLKHF }] 

1.2  Constraint Coverage
---------------------------
Constraint Coverage: 79.7771%


1.3  Overall Summary
---------------------------
 Setup at Speed Grade High-Performance_1.2V Corner at 100 Degrees     Timing Errors: 0 endpoints;  Total Negative Slack: 0.000 ns 
 Hold at Speed Grade m Corner at -40 Degrees                          Timing Errors: 0 endpoints;  Total Negative Slack: 0.000 ns 

1.4  Unconstrained Report
===========================

1.4.1  Unconstrained Start/End Points
--------------------------------------

Clocked but unconstrained timing start points
-------------------------------------------------------------------
         Listing 8 Start Points         |           Type           
-------------------------------------------------------------------
fr/spi_tx_data_i2/Q                     |          No required time
fr/spi_tx_data_i4/Q                     |          No required time
fr/spi_tx_data_i3/Q                     |          No required time
fr/spi_tx_data_i5/Q                     |          No required time
fr/spi_tx_data_i0/Q                     |          No required time
fr/spi_tx_data_i1/Q                     |          No required time
fr/spi_tx_data_i6/Q                     |          No required time
fr/spi_tx_data_i7/Q                     |          No required time
-------------------------------------------------------------------
                                        |                          
Number of unconstrained timing start po |                          
ints                                    |                         8
                                        |                          
-------------------------------------------------------------------

Clocked but unconstrained timing end points
-------------------------------------------------------------------
         Listing 10 End Points          |           Type           
-------------------------------------------------------------------
vlb/fifo_count__i0/SR                   |           No arrival time
{vlb/fifo_count__i5/SR   vlb/fifo_count__i6/SR}                           
                                        |           No arrival time
{vlb/fifo_count__i1/SR   vlb/fifo_count__i2/SR}                           
                                        |           No arrival time
{vlb/fifo_count__i3/SR   vlb/fifo_count__i4/SR}                           
                                        |           No arrival time
{vlb/fifo_count__i9/SR   vlb/fifo_count__i10/SR}                           
                                        |           No arrival time
{vlb/fifo_count__i7/SR   vlb/fifo_count__i8/SR}                           
                                        |           No arrival time
fr/cmd_bit_counter_1230__i5/SR          |           No arrival time
{fr/cmd_bit_counter_1230__i3/SR   fr/cmd_bit_counter_1230__i4/SR}                           
                                        |           No arrival time
fr/cmd_bit_counter_1230__i0/SR          |           No arrival time
{fr/cmd_bit_counter_1230__i1/SR   fr/cmd_bit_counter_1230__i2/SR}                           
                                        |           No arrival time
-------------------------------------------------------------------
                                        |                          
Number of unconstrained timing end poin |                          
ts                                      |                        51
                                        |                          
-------------------------------------------------------------------

1.4.2  Start/End Points Without Timing Constraints
---------------------------------------------------

I/O ports without constraint
----------------------------
Possible constraints to use on I/O ports are:
set_input_delay,
set_output_delay,
set_max_delay,
create_clock,
create_generated_clock,
...

-------------------------------------------------------------------
     Listing 9 Start or End Points      |           Type           
-------------------------------------------------------------------
image[0]                                |                     input
image[1]                                |                     input
image[2]                                |                     input
image[3]                                |                     input
reset                                   |                     input
tft_sdo                                 |                     input
flash_miso                              |                     input
flash_sclk                              |                    output
flash_mosi                              |                    output
-------------------------------------------------------------------
                                        |                          
Number of I/O ports without constraint  |                         9
                                        |                          
-------------------------------------------------------------------

Nets without clock definition
Define a clock on a top level port or a generated clock on a clock divider pin associated with this net(s).
--------------------------------------------------
There is no instance satisfying reporting criteria



1.5  Combinational Loop
========================
None

===============================================================
2  Setup at Speed Grade High-Performance_1.2V Corner at 100 Degrees
===============================================================

2.1  Clock Summary
=======================

2.1.1 Clock "int_osc"
=======================
create_clock -name {int_osc} -period 20.8333 [get_pins {hf_osc.osc_inst/CLKHF }] 

Single Clock Domain
-------------------------------------------------------------------------------------------------------
             Clock int_osc              |                    |       Period       |     Frequency      
-------------------------------------------------------------------------------------------------------
 From int_osc                           |             Target |          20.833 ns |         48.000 MHz 
                                        | Actual (all paths) |          20.792 ns |         48.095 MHz 
hf_osc.osc_inst/CLKHF (MPW)             |   (50% duty cycle) |          20.792 ns |         48.095 MHz 
-------------------------------------------------------------------------------------------------------

Clock Domain Crossing

2.2  Endpoint slacks
=======================
-------------------------------------------------------
          Listing 10 End Points          |    Slack    
-------------------------------------------------------
{fr/next_state_i20/SR   fr/next_state_i19/SR}              
                                         |    0.135 ns 
{fr/next_state_i24/SR   fr/next_state_i23/SR}              
                                         |    0.135 ns 
{fr/next_state_i26/SR   fr/next_state_i25/SR}              
                                         |    0.135 ns 
{fr/next_state_i30/SR   fr/next_state_i29/SR}              
                                         |    0.135 ns 
{fr/next_state_i8/SR   fr/next_state_i7/SR}              
                                         |    0.650 ns 
{fr/next_state_i16/SR   fr/next_state_i15/SR}              
                                         |    0.650 ns 
{fr/next_state_i14/SR   fr/next_state_i13/SR}              
                                         |    0.729 ns 
{fr/next_state_i18/SR   fr/next_state_i17/SR}              
                                         |    0.729 ns 
{fr/next_state_i22/SR   fr/next_state_i21/SR}              
                                         |    0.729 ns 
{fr/next_state_i28/SR   fr/next_state_i27/SR}              
                                         |    0.729 ns 
-------------------------------------------------------
                                         |             
Setup # of endpoints with negative slack:|           0 
                                         |             
-------------------------------------------------------

2.3  Detailed Report
=======================


XXXXXXXXXXXXXXXXXXXXXXXXXXXXXXXXXXXXXXXXXXXXXXXXXXXXXXXXXX

Detail report of critical paths

XXXXXXXXXXXXXXXXXXXXXXXXXXXXXXXXXXXXXXXXXXXXXXXXXXXXXXXXXX

 +++++++++++++++++++++++++++++++++++++++++++++++++++++++++++++++++++++
                    Detailed Report for timing paths 
 +++++++++++++++++++++++++++++++++++++++++++++++++++++++++++++++++++++

 ++++Path 1  ++++++++++++++++++++++++++++++++++++++++++++++++++++++++++

Path Begin       : fr/state__i26/Q  (SLICE_R14C22A)
Path End         : {fr/next_state_i20/SR   fr/next_state_i19/SR}  (SLICE_R15C22C)
Source Clock     : int_osc (R)
Destination Clock: int_osc (R)
Logic Level      : 8
Delay Ratio      : 77.3% (route), 22.7% (logic)
Clock Skew       : 0.000 ns 
Setup Constraint : 20.833 ns 
Path Slack       : 0.135 ns  (Passed)


Source Clock Path
Name                                      Cell/Site Name     Delay Name       Incr      Arrival/Required Time  Fanout  
----------------------------------------  -----------------  ---------------  --------  ---------------------  ------  
hf_osc.osc_inst/CLKHF                     HFOSC_HFOSC_R1C32  CLOCK LATENCY       0.000                  0.000  72      
am/int_osc                                                   NET DELAY           5.499                  5.499  72      
{fr/state__i26/CK   fr/state__i23/CK}                        CLOCK PIN           0.000                  5.499  1       


Data Path
Name                                      Cell/Site Name     Delay Name       Incr      Arrival/Required Time  Fanout  
----------------------------------------  -----------------  ---------------  --------  ---------------------  ------  
fr/state__i26/CK->fr/state__i26/Q         SLICE_R14C22A      CLK_TO_Q0_DELAY     1.388                  6.887  2       
fr/state[26]_2                                               NET DELAY           2.141                  9.028  2       
fr/i7_4_lut/B->fr/i7_4_lut/Z              SLICE_R15C21D      A0_TO_F0_DELAY      0.449                  9.477  1       
fr/n19_adj_117                                               NET DELAY           2.485                 11.962  1       
fr/i11_3_lut/B->fr/i11_3_lut/Z            SLICE_R16C22A      B1_TO_F1_DELAY      0.476                 12.438  4       
fr/n3885                                                     NET DELAY           0.304                 12.742  4       
fr/i12_4_lut/B->fr/i12_4_lut/Z            SLICE_R16C22B      C0_TO_F0_DELAY      0.476                 13.218  1       
fr/n28                                                       NET DELAY           0.304                 13.522  1       
fr/i15_4_lut/D->fr/i15_4_lut/Z            SLICE_R16C22B      C1_TO_F1_DELAY      0.449                 13.971  5       
fr/n2857                                                     NET DELAY           2.168                 16.139  5       
fr/i2655_3_lut_4_lut_4_lut/B->fr/i2655_3_lut_4_lut_4_lut/Z
                                          SLICE_R16C21D      D0_TO_F0_DELAY      0.449                 16.588  3       
fr/n3353                                                     NET DELAY           2.168                 18.756  3       
fr/i1_4_lut_adj_6/B->fr/i1_4_lut_adj_6/Z  SLICE_R16C21C      D1_TO_F1_DELAY      0.449                 19.205  1       
fr/n1778                                                     NET DELAY           2.168                 21.373  1       
fr/i2742_4_lut/D->fr/i2742_4_lut/Z        SLICE_R16C22D      D1_TO_F1_DELAY      0.449                 21.822  17      
fr/n2912                                                     NET DELAY           3.846                 25.668  17      
{fr/next_state_i20/SR   fr/next_state_i19/SR}
                                                             ENDPOINT            0.000                 25.668  1       


Destination Clock Path
Name                                      Cell/Site Name     Delay Name       Incr      Arrival/Required Time  Fanout  
----------------------------------------  -----------------  ---------------  --------  ---------------------  ------  
                                                             CONSTRAINT          0.000                 20.833  1       
hf_osc.osc_inst/CLKHF                     HFOSC_HFOSC_R1C32  CLOCK LATENCY       0.000                 20.833  72      
am/int_osc                                                   NET DELAY           5.499                 26.332  72      
{fr/next_state_i20/CK   fr/next_state_i19/CK}
                                                             CLOCK PIN           0.000                 26.332  1       
                                                             Uncertainty      -(0.000)                 26.332  
                                                             Setup time       -(0.529)                 25.803  
----------------------------------------  -----------------  ---------------  --------  ---------------------  ------  
Required Time                                                                                          25.803  
Arrival Time                                                                                        -(25.667)  
----------------------------------------  -----------------  ---------------  --------  ---------------------  ------  
Path Slack  (Passed)                                                                                    0.135  




++++ Path 2 ++++++++++++++++++++++++++++++++++++++++++++++++++++++++++ 

Path Begin       : fr/state__i26/Q  (SLICE_R14C22A)
Path End         : {fr/next_state_i24/SR   fr/next_state_i23/SR}  (SLICE_R15C22A)
Source Clock     : int_osc (R)
Destination Clock: int_osc (R)
Logic Level      : 8
Delay Ratio      : 77.3% (route), 22.7% (logic)
Clock Skew       : 0.000 ns 
Setup Constraint : 20.833 ns 
Path Slack       : 0.135 ns  (Passed)


Source Clock Path
Name                                      Cell/Site Name     Delay Name       Incr      Arrival/Required Time  Fanout  
----------------------------------------  -----------------  ---------------  --------  ---------------------  ------  
hf_osc.osc_inst/CLKHF                     HFOSC_HFOSC_R1C32  CLOCK LATENCY       0.000                  0.000  72      
am/int_osc                                                   NET DELAY           5.499                  5.499  72      
{fr/state__i26/CK   fr/state__i23/CK}                        CLOCK PIN           0.000                  5.499  1       


Data Path
Name                                      Cell/Site Name     Delay Name       Incr      Arrival/Required Time  Fanout  
----------------------------------------  -----------------  ---------------  --------  ---------------------  ------  
fr/state__i26/CK->fr/state__i26/Q         SLICE_R14C22A      CLK_TO_Q0_DELAY     1.388                  6.887  2       
fr/state[26]_2                                               NET DELAY           2.141                  9.028  2       
fr/i7_4_lut/B->fr/i7_4_lut/Z              SLICE_R15C21D      A0_TO_F0_DELAY      0.449                  9.477  1       
fr/n19_adj_117                                               NET DELAY           2.485                 11.962  1       
fr/i11_3_lut/B->fr/i11_3_lut/Z            SLICE_R16C22A      B1_TO_F1_DELAY      0.476                 12.438  4       
fr/n3885                                                     NET DELAY           0.304                 12.742  4       
fr/i12_4_lut/B->fr/i12_4_lut/Z            SLICE_R16C22B      C0_TO_F0_DELAY      0.476                 13.218  1       
fr/n28                                                       NET DELAY           0.304                 13.522  1       
fr/i15_4_lut/D->fr/i15_4_lut/Z            SLICE_R16C22B      C1_TO_F1_DELAY      0.449                 13.971  5       
fr/n2857                                                     NET DELAY           2.168                 16.139  5       
fr/i2655_3_lut_4_lut_4_lut/B->fr/i2655_3_lut_4_lut_4_lut/Z
                                          SLICE_R16C21D      D0_TO_F0_DELAY      0.449                 16.588  3       
fr/n3353                                                     NET DELAY           2.168                 18.756  3       
fr/i1_4_lut_adj_6/B->fr/i1_4_lut_adj_6/Z  SLICE_R16C21C      D1_TO_F1_DELAY      0.449                 19.205  1       
fr/n1778                                                     NET DELAY           2.168                 21.373  1       
fr/i2742_4_lut/D->fr/i2742_4_lut/Z        SLICE_R16C22D      D1_TO_F1_DELAY      0.449                 21.822  17      
fr/n2912                                                     NET DELAY           3.846                 25.668  17      
{fr/next_state_i24/SR   fr/next_state_i23/SR}
                                                             ENDPOINT            0.000                 25.668  1       


Destination Clock Path
Name                                      Cell/Site Name     Delay Name       Incr      Arrival/Required Time  Fanout  
----------------------------------------  -----------------  ---------------  --------  ---------------------  ------  
                                                             CONSTRAINT          0.000                 20.833  1       
hf_osc.osc_inst/CLKHF                     HFOSC_HFOSC_R1C32  CLOCK LATENCY       0.000                 20.833  72      
am/int_osc                                                   NET DELAY           5.499                 26.332  72      
{fr/next_state_i24/CK   fr/next_state_i23/CK}
                                                             CLOCK PIN           0.000                 26.332  1       
                                                             Uncertainty      -(0.000)                 26.332  
                                                             Setup time       -(0.529)                 25.803  
----------------------------------------  -----------------  ---------------  --------  ---------------------  ------  
Required Time                                                                                          25.803  
Arrival Time                                                                                        -(25.667)  
----------------------------------------  -----------------  ---------------  --------  ---------------------  ------  
Path Slack  (Passed)                                                                                    0.135  




++++ Path 3 ++++++++++++++++++++++++++++++++++++++++++++++++++++++++++ 

Path Begin       : fr/state__i26/Q  (SLICE_R14C22A)
Path End         : {fr/next_state_i26/SR   fr/next_state_i25/SR}  (SLICE_R15C22B)
Source Clock     : int_osc (R)
Destination Clock: int_osc (R)
Logic Level      : 8
Delay Ratio      : 77.3% (route), 22.7% (logic)
Clock Skew       : 0.000 ns 
Setup Constraint : 20.833 ns 
Path Slack       : 0.135 ns  (Passed)


Source Clock Path
Name                                      Cell/Site Name     Delay Name       Incr      Arrival/Required Time  Fanout  
----------------------------------------  -----------------  ---------------  --------  ---------------------  ------  
hf_osc.osc_inst/CLKHF                     HFOSC_HFOSC_R1C32  CLOCK LATENCY       0.000                  0.000  72      
am/int_osc                                                   NET DELAY           5.499                  5.499  72      
{fr/state__i26/CK   fr/state__i23/CK}                        CLOCK PIN           0.000                  5.499  1       


Data Path
Name                                      Cell/Site Name     Delay Name       Incr      Arrival/Required Time  Fanout  
----------------------------------------  -----------------  ---------------  --------  ---------------------  ------  
fr/state__i26/CK->fr/state__i26/Q         SLICE_R14C22A      CLK_TO_Q0_DELAY     1.388                  6.887  2       
fr/state[26]_2                                               NET DELAY           2.141                  9.028  2       
fr/i7_4_lut/B->fr/i7_4_lut/Z              SLICE_R15C21D      A0_TO_F0_DELAY      0.449                  9.477  1       
fr/n19_adj_117                                               NET DELAY           2.485                 11.962  1       
fr/i11_3_lut/B->fr/i11_3_lut/Z            SLICE_R16C22A      B1_TO_F1_DELAY      0.476                 12.438  4       
fr/n3885                                                     NET DELAY           0.304                 12.742  4       
fr/i12_4_lut/B->fr/i12_4_lut/Z            SLICE_R16C22B      C0_TO_F0_DELAY      0.476                 13.218  1       
fr/n28                                                       NET DELAY           0.304                 13.522  1       
fr/i15_4_lut/D->fr/i15_4_lut/Z            SLICE_R16C22B      C1_TO_F1_DELAY      0.449                 13.971  5       
fr/n2857                                                     NET DELAY           2.168                 16.139  5       
fr/i2655_3_lut_4_lut_4_lut/B->fr/i2655_3_lut_4_lut_4_lut/Z
                                          SLICE_R16C21D      D0_TO_F0_DELAY      0.449                 16.588  3       
fr/n3353                                                     NET DELAY           2.168                 18.756  3       
fr/i1_4_lut_adj_6/B->fr/i1_4_lut_adj_6/Z  SLICE_R16C21C      D1_TO_F1_DELAY      0.449                 19.205  1       
fr/n1778                                                     NET DELAY           2.168                 21.373  1       
fr/i2742_4_lut/D->fr/i2742_4_lut/Z        SLICE_R16C22D      D1_TO_F1_DELAY      0.449                 21.822  17      
fr/n2912                                                     NET DELAY           3.846                 25.668  17      
{fr/next_state_i26/SR   fr/next_state_i25/SR}
                                                             ENDPOINT            0.000                 25.668  1       


Destination Clock Path
Name                                      Cell/Site Name     Delay Name       Incr      Arrival/Required Time  Fanout  
----------------------------------------  -----------------  ---------------  --------  ---------------------  ------  
                                                             CONSTRAINT          0.000                 20.833  1       
hf_osc.osc_inst/CLKHF                     HFOSC_HFOSC_R1C32  CLOCK LATENCY       0.000                 20.833  72      
am/int_osc                                                   NET DELAY           5.499                 26.332  72      
{fr/next_state_i26/CK   fr/next_state_i25/CK}
                                                             CLOCK PIN           0.000                 26.332  1       
                                                             Uncertainty      -(0.000)                 26.332  
                                                             Setup time       -(0.529)                 25.803  
----------------------------------------  -----------------  ---------------  --------  ---------------------  ------  
Required Time                                                                                          25.803  
Arrival Time                                                                                        -(25.667)  
----------------------------------------  -----------------  ---------------  --------  ---------------------  ------  
Path Slack  (Passed)                                                                                    0.135  




++++ Path 4 ++++++++++++++++++++++++++++++++++++++++++++++++++++++++++ 

Path Begin       : fr/state__i26/Q  (SLICE_R14C22A)
Path End         : {fr/next_state_i30/SR   fr/next_state_i29/SR}  (SLICE_R17C21D)
Source Clock     : int_osc (R)
Destination Clock: int_osc (R)
Logic Level      : 8
Delay Ratio      : 77.3% (route), 22.7% (logic)
Clock Skew       : 0.000 ns 
Setup Constraint : 20.833 ns 
Path Slack       : 0.135 ns  (Passed)


Source Clock Path
Name                                      Cell/Site Name     Delay Name       Incr      Arrival/Required Time  Fanout  
----------------------------------------  -----------------  ---------------  --------  ---------------------  ------  
hf_osc.osc_inst/CLKHF                     HFOSC_HFOSC_R1C32  CLOCK LATENCY       0.000                  0.000  72      
am/int_osc                                                   NET DELAY           5.499                  5.499  72      
{fr/state__i26/CK   fr/state__i23/CK}                        CLOCK PIN           0.000                  5.499  1       


Data Path
Name                                      Cell/Site Name     Delay Name       Incr      Arrival/Required Time  Fanout  
----------------------------------------  -----------------  ---------------  --------  ---------------------  ------  
fr/state__i26/CK->fr/state__i26/Q         SLICE_R14C22A      CLK_TO_Q0_DELAY     1.388                  6.887  2       
fr/state[26]_2                                               NET DELAY           2.141                  9.028  2       
fr/i7_4_lut/B->fr/i7_4_lut/Z              SLICE_R15C21D      A0_TO_F0_DELAY      0.449                  9.477  1       
fr/n19_adj_117                                               NET DELAY           2.485                 11.962  1       
fr/i11_3_lut/B->fr/i11_3_lut/Z            SLICE_R16C22A      B1_TO_F1_DELAY      0.476                 12.438  4       
fr/n3885                                                     NET DELAY           0.304                 12.742  4       
fr/i12_4_lut/B->fr/i12_4_lut/Z            SLICE_R16C22B      C0_TO_F0_DELAY      0.476                 13.218  1       
fr/n28                                                       NET DELAY           0.304                 13.522  1       
fr/i15_4_lut/D->fr/i15_4_lut/Z            SLICE_R16C22B      C1_TO_F1_DELAY      0.449                 13.971  5       
fr/n2857                                                     NET DELAY           2.168                 16.139  5       
fr/i2655_3_lut_4_lut_4_lut/B->fr/i2655_3_lut_4_lut_4_lut/Z
                                          SLICE_R16C21D      D0_TO_F0_DELAY      0.449                 16.588  3       
fr/n3353                                                     NET DELAY           2.168                 18.756  3       
fr/i1_4_lut_adj_6/B->fr/i1_4_lut_adj_6/Z  SLICE_R16C21C      D1_TO_F1_DELAY      0.449                 19.205  1       
fr/n1778                                                     NET DELAY           2.168                 21.373  1       
fr/i2742_4_lut/D->fr/i2742_4_lut/Z        SLICE_R16C22D      D1_TO_F1_DELAY      0.449                 21.822  17      
fr/n2912                                                     NET DELAY           3.846                 25.668  17      
{fr/next_state_i30/SR   fr/next_state_i29/SR}
                                                             ENDPOINT            0.000                 25.668  1       


Destination Clock Path
Name                                      Cell/Site Name     Delay Name       Incr      Arrival/Required Time  Fanout  
----------------------------------------  -----------------  ---------------  --------  ---------------------  ------  
                                                             CONSTRAINT          0.000                 20.833  1       
hf_osc.osc_inst/CLKHF                     HFOSC_HFOSC_R1C32  CLOCK LATENCY       0.000                 20.833  72      
am/int_osc                                                   NET DELAY           5.499                 26.332  72      
{fr/next_state_i30/CK   fr/next_state_i29/CK}
                                                             CLOCK PIN           0.000                 26.332  1       
                                                             Uncertainty      -(0.000)                 26.332  
                                                             Setup time       -(0.529)                 25.803  
----------------------------------------  -----------------  ---------------  --------  ---------------------  ------  
Required Time                                                                                          25.803  
Arrival Time                                                                                        -(25.667)  
----------------------------------------  -----------------  ---------------  --------  ---------------------  ------  
Path Slack  (Passed)                                                                                    0.135  




++++ Path 5 ++++++++++++++++++++++++++++++++++++++++++++++++++++++++++ 

Path Begin       : fr/state__i26/Q  (SLICE_R14C22A)
Path End         : {fr/next_state_i8/SR   fr/next_state_i7/SR}  (SLICE_R17C20C)
Source Clock     : int_osc (R)
Destination Clock: int_osc (R)
Logic Level      : 8
Delay Ratio      : 76.7% (route), 23.3% (logic)
Clock Skew       : 0.000 ns 
Setup Constraint : 20.833 ns 
Path Slack       : 0.650 ns  (Passed)


Source Clock Path
Name                                      Cell/Site Name     Delay Name       Incr      Arrival/Required Time  Fanout  
----------------------------------------  -----------------  ---------------  --------  ---------------------  ------  
hf_osc.osc_inst/CLKHF                     HFOSC_HFOSC_R1C32  CLOCK LATENCY       0.000                  0.000  72      
am/int_osc                                                   NET DELAY           5.499                  5.499  72      
{fr/state__i26/CK   fr/state__i23/CK}                        CLOCK PIN           0.000                  5.499  1       


Data Path
Name                                      Cell/Site Name     Delay Name       Incr      Arrival/Required Time  Fanout  
----------------------------------------  -----------------  ---------------  --------  ---------------------  ------  
fr/state__i26/CK->fr/state__i26/Q         SLICE_R14C22A      CLK_TO_Q0_DELAY     1.388                  6.887  2       
fr/state[26]_2                                               NET DELAY           2.141                  9.028  2       
fr/i7_4_lut/B->fr/i7_4_lut/Z              SLICE_R15C21D      A0_TO_F0_DELAY      0.449                  9.477  1       
fr/n19_adj_117                                               NET DELAY           2.485                 11.962  1       
fr/i11_3_lut/B->fr/i11_3_lut/Z            SLICE_R16C22A      B1_TO_F1_DELAY      0.476                 12.438  4       
fr/n3885                                                     NET DELAY           0.304                 12.742  4       
fr/i12_4_lut/B->fr/i12_4_lut/Z            SLICE_R16C22B      C0_TO_F0_DELAY      0.476                 13.218  1       
fr/n28                                                       NET DELAY           0.304                 13.522  1       
fr/i15_4_lut/D->fr/i15_4_lut/Z            SLICE_R16C22B      C1_TO_F1_DELAY      0.449                 13.971  5       
fr/n2857                                                     NET DELAY           2.168                 16.139  5       
fr/i2655_3_lut_4_lut_4_lut/B->fr/i2655_3_lut_4_lut_4_lut/Z
                                          SLICE_R16C21D      D0_TO_F0_DELAY      0.449                 16.588  3       
fr/n3353                                                     NET DELAY           2.168                 18.756  3       
fr/i1_4_lut_adj_6/B->fr/i1_4_lut_adj_6/Z  SLICE_R16C21C      D1_TO_F1_DELAY      0.449                 19.205  1       
fr/n1778                                                     NET DELAY           2.168                 21.373  1       
fr/i2742_4_lut/D->fr/i2742_4_lut/Z        SLICE_R16C22D      D1_TO_F1_DELAY      0.449                 21.822  17      
fr/n2912                                                     NET DELAY           3.331                 25.153  17      
{fr/next_state_i8/SR   fr/next_state_i7/SR}
                                                             ENDPOINT            0.000                 25.153  1       


Destination Clock Path
Name                                      Cell/Site Name     Delay Name       Incr      Arrival/Required Time  Fanout  
----------------------------------------  -----------------  ---------------  --------  ---------------------  ------  
                                                             CONSTRAINT          0.000                 20.833  1       
hf_osc.osc_inst/CLKHF                     HFOSC_HFOSC_R1C32  CLOCK LATENCY       0.000                 20.833  72      
am/int_osc                                                   NET DELAY           5.499                 26.332  72      
{fr/next_state_i8/CK   fr/next_state_i7/CK}
                                                             CLOCK PIN           0.000                 26.332  1       
                                                             Uncertainty      -(0.000)                 26.332  
                                                             Setup time       -(0.529)                 25.803  
----------------------------------------  -----------------  ---------------  --------  ---------------------  ------  
Required Time                                                                                          25.803  
Arrival Time                                                                                        -(25.152)  
----------------------------------------  -----------------  ---------------  --------  ---------------------  ------  
Path Slack  (Passed)                                                                                    0.650  




++++ Path 6 ++++++++++++++++++++++++++++++++++++++++++++++++++++++++++ 

Path Begin       : fr/state__i26/Q  (SLICE_R14C22A)
Path End         : {fr/next_state_i16/SR   fr/next_state_i15/SR}  (SLICE_R17C20B)
Source Clock     : int_osc (R)
Destination Clock: int_osc (R)
Logic Level      : 8
Delay Ratio      : 76.7% (route), 23.3% (logic)
Clock Skew       : 0.000 ns 
Setup Constraint : 20.833 ns 
Path Slack       : 0.650 ns  (Passed)


Source Clock Path
Name                                      Cell/Site Name     Delay Name       Incr      Arrival/Required Time  Fanout  
----------------------------------------  -----------------  ---------------  --------  ---------------------  ------  
hf_osc.osc_inst/CLKHF                     HFOSC_HFOSC_R1C32  CLOCK LATENCY       0.000                  0.000  72      
am/int_osc                                                   NET DELAY           5.499                  5.499  72      
{fr/state__i26/CK   fr/state__i23/CK}                        CLOCK PIN           0.000                  5.499  1       


Data Path
Name                                      Cell/Site Name     Delay Name       Incr      Arrival/Required Time  Fanout  
----------------------------------------  -----------------  ---------------  --------  ---------------------  ------  
fr/state__i26/CK->fr/state__i26/Q         SLICE_R14C22A      CLK_TO_Q0_DELAY     1.388                  6.887  2       
fr/state[26]_2                                               NET DELAY           2.141                  9.028  2       
fr/i7_4_lut/B->fr/i7_4_lut/Z              SLICE_R15C21D      A0_TO_F0_DELAY      0.449                  9.477  1       
fr/n19_adj_117                                               NET DELAY           2.485                 11.962  1       
fr/i11_3_lut/B->fr/i11_3_lut/Z            SLICE_R16C22A      B1_TO_F1_DELAY      0.476                 12.438  4       
fr/n3885                                                     NET DELAY           0.304                 12.742  4       
fr/i12_4_lut/B->fr/i12_4_lut/Z            SLICE_R16C22B      C0_TO_F0_DELAY      0.476                 13.218  1       
fr/n28                                                       NET DELAY           0.304                 13.522  1       
fr/i15_4_lut/D->fr/i15_4_lut/Z            SLICE_R16C22B      C1_TO_F1_DELAY      0.449                 13.971  5       
fr/n2857                                                     NET DELAY           2.168                 16.139  5       
fr/i2655_3_lut_4_lut_4_lut/B->fr/i2655_3_lut_4_lut_4_lut/Z
                                          SLICE_R16C21D      D0_TO_F0_DELAY      0.449                 16.588  3       
fr/n3353                                                     NET DELAY           2.168                 18.756  3       
fr/i1_4_lut_adj_6/B->fr/i1_4_lut_adj_6/Z  SLICE_R16C21C      D1_TO_F1_DELAY      0.449                 19.205  1       
fr/n1778                                                     NET DELAY           2.168                 21.373  1       
fr/i2742_4_lut/D->fr/i2742_4_lut/Z        SLICE_R16C22D      D1_TO_F1_DELAY      0.449                 21.822  17      
fr/n2912                                                     NET DELAY           3.331                 25.153  17      
{fr/next_state_i16/SR   fr/next_state_i15/SR}
                                                             ENDPOINT            0.000                 25.153  1       


Destination Clock Path
Name                                      Cell/Site Name     Delay Name       Incr      Arrival/Required Time  Fanout  
----------------------------------------  -----------------  ---------------  --------  ---------------------  ------  
                                                             CONSTRAINT          0.000                 20.833  1       
hf_osc.osc_inst/CLKHF                     HFOSC_HFOSC_R1C32  CLOCK LATENCY       0.000                 20.833  72      
am/int_osc                                                   NET DELAY           5.499                 26.332  72      
{fr/next_state_i16/CK   fr/next_state_i15/CK}
                                                             CLOCK PIN           0.000                 26.332  1       
                                                             Uncertainty      -(0.000)                 26.332  
                                                             Setup time       -(0.529)                 25.803  
----------------------------------------  -----------------  ---------------  --------  ---------------------  ------  
Required Time                                                                                          25.803  
Arrival Time                                                                                        -(25.152)  
----------------------------------------  -----------------  ---------------  --------  ---------------------  ------  
Path Slack  (Passed)                                                                                    0.650  




++++ Path 7 ++++++++++++++++++++++++++++++++++++++++++++++++++++++++++ 

Path Begin       : fr/state__i26/Q  (SLICE_R14C22A)
Path End         : {fr/next_state_i14/SR   fr/next_state_i13/SR}  (SLICE_R19C22A)
Source Clock     : int_osc (R)
Destination Clock: int_osc (R)
Logic Level      : 8
Delay Ratio      : 76.6% (route), 23.4% (logic)
Clock Skew       : 0.000 ns 
Setup Constraint : 20.833 ns 
Path Slack       : 0.729 ns  (Passed)


Source Clock Path
Name                                      Cell/Site Name     Delay Name       Incr      Arrival/Required Time  Fanout  
----------------------------------------  -----------------  ---------------  --------  ---------------------  ------  
hf_osc.osc_inst/CLKHF                     HFOSC_HFOSC_R1C32  CLOCK LATENCY       0.000                  0.000  72      
am/int_osc                                                   NET DELAY           5.499                  5.499  72      
{fr/state__i26/CK   fr/state__i23/CK}                        CLOCK PIN           0.000                  5.499  1       


Data Path
Name                                      Cell/Site Name     Delay Name       Incr      Arrival/Required Time  Fanout  
----------------------------------------  -----------------  ---------------  --------  ---------------------  ------  
fr/state__i26/CK->fr/state__i26/Q         SLICE_R14C22A      CLK_TO_Q0_DELAY     1.388                  6.887  2       
fr/state[26]_2                                               NET DELAY           2.141                  9.028  2       
fr/i7_4_lut/B->fr/i7_4_lut/Z              SLICE_R15C21D      A0_TO_F0_DELAY      0.449                  9.477  1       
fr/n19_adj_117                                               NET DELAY           2.485                 11.962  1       
fr/i11_3_lut/B->fr/i11_3_lut/Z            SLICE_R16C22A      B1_TO_F1_DELAY      0.476                 12.438  4       
fr/n3885                                                     NET DELAY           0.304                 12.742  4       
fr/i12_4_lut/B->fr/i12_4_lut/Z            SLICE_R16C22B      C0_TO_F0_DELAY      0.476                 13.218  1       
fr/n28                                                       NET DELAY           0.304                 13.522  1       
fr/i15_4_lut/D->fr/i15_4_lut/Z            SLICE_R16C22B      C1_TO_F1_DELAY      0.449                 13.971  5       
fr/n2857                                                     NET DELAY           2.168                 16.139  5       
fr/i2655_3_lut_4_lut_4_lut/B->fr/i2655_3_lut_4_lut_4_lut/Z
                                          SLICE_R16C21D      D0_TO_F0_DELAY      0.449                 16.588  3       
fr/n3353                                                     NET DELAY           2.168                 18.756  3       
fr/i1_4_lut_adj_6/B->fr/i1_4_lut_adj_6/Z  SLICE_R16C21C      D1_TO_F1_DELAY      0.449                 19.205  1       
fr/n1778                                                     NET DELAY           2.168                 21.373  1       
fr/i2742_4_lut/D->fr/i2742_4_lut/Z        SLICE_R16C22D      D1_TO_F1_DELAY      0.449                 21.822  17      
fr/n2912                                                     NET DELAY           3.252                 25.074  17      
{fr/next_state_i14/SR   fr/next_state_i13/SR}
                                                             ENDPOINT            0.000                 25.074  1       


Destination Clock Path
Name                                      Cell/Site Name     Delay Name       Incr      Arrival/Required Time  Fanout  
----------------------------------------  -----------------  ---------------  --------  ---------------------  ------  
                                                             CONSTRAINT          0.000                 20.833  1       
hf_osc.osc_inst/CLKHF                     HFOSC_HFOSC_R1C32  CLOCK LATENCY       0.000                 20.833  72      
am/int_osc                                                   NET DELAY           5.499                 26.332  72      
{fr/next_state_i14/CK   fr/next_state_i13/CK}
                                                             CLOCK PIN           0.000                 26.332  1       
                                                             Uncertainty      -(0.000)                 26.332  
                                                             Setup time       -(0.529)                 25.803  
----------------------------------------  -----------------  ---------------  --------  ---------------------  ------  
Required Time                                                                                          25.803  
Arrival Time                                                                                        -(25.073)  
----------------------------------------  -----------------  ---------------  --------  ---------------------  ------  
Path Slack  (Passed)                                                                                    0.729  




++++ Path 8 ++++++++++++++++++++++++++++++++++++++++++++++++++++++++++ 

Path Begin       : fr/state__i26/Q  (SLICE_R14C22A)
Path End         : {fr/next_state_i18/SR   fr/next_state_i17/SR}  (SLICE_R18C23A)
Source Clock     : int_osc (R)
Destination Clock: int_osc (R)
Logic Level      : 8
Delay Ratio      : 76.6% (route), 23.4% (logic)
Clock Skew       : 0.000 ns 
Setup Constraint : 20.833 ns 
Path Slack       : 0.729 ns  (Passed)


Source Clock Path
Name                                      Cell/Site Name     Delay Name       Incr      Arrival/Required Time  Fanout  
----------------------------------------  -----------------  ---------------  --------  ---------------------  ------  
hf_osc.osc_inst/CLKHF                     HFOSC_HFOSC_R1C32  CLOCK LATENCY       0.000                  0.000  72      
am/int_osc                                                   NET DELAY           5.499                  5.499  72      
{fr/state__i26/CK   fr/state__i23/CK}                        CLOCK PIN           0.000                  5.499  1       


Data Path
Name                                      Cell/Site Name     Delay Name       Incr      Arrival/Required Time  Fanout  
----------------------------------------  -----------------  ---------------  --------  ---------------------  ------  
fr/state__i26/CK->fr/state__i26/Q         SLICE_R14C22A      CLK_TO_Q0_DELAY     1.388                  6.887  2       
fr/state[26]_2                                               NET DELAY           2.141                  9.028  2       
fr/i7_4_lut/B->fr/i7_4_lut/Z              SLICE_R15C21D      A0_TO_F0_DELAY      0.449                  9.477  1       
fr/n19_adj_117                                               NET DELAY           2.485                 11.962  1       
fr/i11_3_lut/B->fr/i11_3_lut/Z            SLICE_R16C22A      B1_TO_F1_DELAY      0.476                 12.438  4       
fr/n3885                                                     NET DELAY           0.304                 12.742  4       
fr/i12_4_lut/B->fr/i12_4_lut/Z            SLICE_R16C22B      C0_TO_F0_DELAY      0.476                 13.218  1       
fr/n28                                                       NET DELAY           0.304                 13.522  1       
fr/i15_4_lut/D->fr/i15_4_lut/Z            SLICE_R16C22B      C1_TO_F1_DELAY      0.449                 13.971  5       
fr/n2857                                                     NET DELAY           2.168                 16.139  5       
fr/i2655_3_lut_4_lut_4_lut/B->fr/i2655_3_lut_4_lut_4_lut/Z
                                          SLICE_R16C21D      D0_TO_F0_DELAY      0.449                 16.588  3       
fr/n3353                                                     NET DELAY           2.168                 18.756  3       
fr/i1_4_lut_adj_6/B->fr/i1_4_lut_adj_6/Z  SLICE_R16C21C      D1_TO_F1_DELAY      0.449                 19.205  1       
fr/n1778                                                     NET DELAY           2.168                 21.373  1       
fr/i2742_4_lut/D->fr/i2742_4_lut/Z        SLICE_R16C22D      D1_TO_F1_DELAY      0.449                 21.822  17      
fr/n2912                                                     NET DELAY           3.252                 25.074  17      
{fr/next_state_i18/SR   fr/next_state_i17/SR}
                                                             ENDPOINT            0.000                 25.074  1       


Destination Clock Path
Name                                      Cell/Site Name     Delay Name       Incr      Arrival/Required Time  Fanout  
----------------------------------------  -----------------  ---------------  --------  ---------------------  ------  
                                                             CONSTRAINT          0.000                 20.833  1       
hf_osc.osc_inst/CLKHF                     HFOSC_HFOSC_R1C32  CLOCK LATENCY       0.000                 20.833  72      
am/int_osc                                                   NET DELAY           5.499                 26.332  72      
{fr/next_state_i18/CK   fr/next_state_i17/CK}
                                                             CLOCK PIN           0.000                 26.332  1       
                                                             Uncertainty      -(0.000)                 26.332  
                                                             Setup time       -(0.529)                 25.803  
----------------------------------------  -----------------  ---------------  --------  ---------------------  ------  
Required Time                                                                                          25.803  
Arrival Time                                                                                        -(25.073)  
----------------------------------------  -----------------  ---------------  --------  ---------------------  ------  
Path Slack  (Passed)                                                                                    0.729  




++++ Path 9 ++++++++++++++++++++++++++++++++++++++++++++++++++++++++++ 

Path Begin       : fr/state__i26/Q  (SLICE_R14C22A)
Path End         : {fr/next_state_i22/SR   fr/next_state_i21/SR}  (SLICE_R15C23D)
Source Clock     : int_osc (R)
Destination Clock: int_osc (R)
Logic Level      : 8
Delay Ratio      : 76.6% (route), 23.4% (logic)
Clock Skew       : 0.000 ns 
Setup Constraint : 20.833 ns 
Path Slack       : 0.729 ns  (Passed)


Source Clock Path
Name                                      Cell/Site Name     Delay Name       Incr      Arrival/Required Time  Fanout  
----------------------------------------  -----------------  ---------------  --------  ---------------------  ------  
hf_osc.osc_inst/CLKHF                     HFOSC_HFOSC_R1C32  CLOCK LATENCY       0.000                  0.000  72      
am/int_osc                                                   NET DELAY           5.499                  5.499  72      
{fr/state__i26/CK   fr/state__i23/CK}                        CLOCK PIN           0.000                  5.499  1       


Data Path
Name                                      Cell/Site Name     Delay Name       Incr      Arrival/Required Time  Fanout  
----------------------------------------  -----------------  ---------------  --------  ---------------------  ------  
fr/state__i26/CK->fr/state__i26/Q         SLICE_R14C22A      CLK_TO_Q0_DELAY     1.388                  6.887  2       
fr/state[26]_2                                               NET DELAY           2.141                  9.028  2       
fr/i7_4_lut/B->fr/i7_4_lut/Z              SLICE_R15C21D      A0_TO_F0_DELAY      0.449                  9.477  1       
fr/n19_adj_117                                               NET DELAY           2.485                 11.962  1       
fr/i11_3_lut/B->fr/i11_3_lut/Z            SLICE_R16C22A      B1_TO_F1_DELAY      0.476                 12.438  4       
fr/n3885                                                     NET DELAY           0.304                 12.742  4       
fr/i12_4_lut/B->fr/i12_4_lut/Z            SLICE_R16C22B      C0_TO_F0_DELAY      0.476                 13.218  1       
fr/n28                                                       NET DELAY           0.304                 13.522  1       
fr/i15_4_lut/D->fr/i15_4_lut/Z            SLICE_R16C22B      C1_TO_F1_DELAY      0.449                 13.971  5       
fr/n2857                                                     NET DELAY           2.168                 16.139  5       
fr/i2655_3_lut_4_lut_4_lut/B->fr/i2655_3_lut_4_lut_4_lut/Z
                                          SLICE_R16C21D      D0_TO_F0_DELAY      0.449                 16.588  3       
fr/n3353                                                     NET DELAY           2.168                 18.756  3       
fr/i1_4_lut_adj_6/B->fr/i1_4_lut_adj_6/Z  SLICE_R16C21C      D1_TO_F1_DELAY      0.449                 19.205  1       
fr/n1778                                                     NET DELAY           2.168                 21.373  1       
fr/i2742_4_lut/D->fr/i2742_4_lut/Z        SLICE_R16C22D      D1_TO_F1_DELAY      0.449                 21.822  17      
fr/n2912                                                     NET DELAY           3.252                 25.074  17      
{fr/next_state_i22/SR   fr/next_state_i21/SR}
                                                             ENDPOINT            0.000                 25.074  1       


Destination Clock Path
Name                                      Cell/Site Name     Delay Name       Incr      Arrival/Required Time  Fanout  
----------------------------------------  -----------------  ---------------  --------  ---------------------  ------  
                                                             CONSTRAINT          0.000                 20.833  1       
hf_osc.osc_inst/CLKHF                     HFOSC_HFOSC_R1C32  CLOCK LATENCY       0.000                 20.833  72      
am/int_osc                                                   NET DELAY           5.499                 26.332  72      
{fr/next_state_i22/CK   fr/next_state_i21/CK}
                                                             CLOCK PIN           0.000                 26.332  1       
                                                             Uncertainty      -(0.000)                 26.332  
                                                             Setup time       -(0.529)                 25.803  
----------------------------------------  -----------------  ---------------  --------  ---------------------  ------  
Required Time                                                                                          25.803  
Arrival Time                                                                                        -(25.073)  
----------------------------------------  -----------------  ---------------  --------  ---------------------  ------  
Path Slack  (Passed)                                                                                    0.729  




++++ Path 10 ++++++++++++++++++++++++++++++++++++++++++++++++++++++++++ 

Path Begin       : fr/state__i26/Q  (SLICE_R14C22A)
Path End         : {fr/next_state_i28/SR   fr/next_state_i27/SR}  (SLICE_R18C23B)
Source Clock     : int_osc (R)
Destination Clock: int_osc (R)
Logic Level      : 8
Delay Ratio      : 76.6% (route), 23.4% (logic)
Clock Skew       : 0.000 ns 
Setup Constraint : 20.833 ns 
Path Slack       : 0.729 ns  (Passed)


Source Clock Path
Name                                      Cell/Site Name     Delay Name       Incr      Arrival/Required Time  Fanout  
----------------------------------------  -----------------  ---------------  --------  ---------------------  ------  
hf_osc.osc_inst/CLKHF                     HFOSC_HFOSC_R1C32  CLOCK LATENCY       0.000                  0.000  72      
am/int_osc                                                   NET DELAY           5.499                  5.499  72      
{fr/state__i26/CK   fr/state__i23/CK}                        CLOCK PIN           0.000                  5.499  1       


Data Path
Name                                      Cell/Site Name     Delay Name       Incr      Arrival/Required Time  Fanout  
----------------------------------------  -----------------  ---------------  --------  ---------------------  ------  
fr/state__i26/CK->fr/state__i26/Q         SLICE_R14C22A      CLK_TO_Q0_DELAY     1.388                  6.887  2       
fr/state[26]_2                                               NET DELAY           2.141                  9.028  2       
fr/i7_4_lut/B->fr/i7_4_lut/Z              SLICE_R15C21D      A0_TO_F0_DELAY      0.449                  9.477  1       
fr/n19_adj_117                                               NET DELAY           2.485                 11.962  1       
fr/i11_3_lut/B->fr/i11_3_lut/Z            SLICE_R16C22A      B1_TO_F1_DELAY      0.476                 12.438  4       
fr/n3885                                                     NET DELAY           0.304                 12.742  4       
fr/i12_4_lut/B->fr/i12_4_lut/Z            SLICE_R16C22B      C0_TO_F0_DELAY      0.476                 13.218  1       
fr/n28                                                       NET DELAY           0.304                 13.522  1       
fr/i15_4_lut/D->fr/i15_4_lut/Z            SLICE_R16C22B      C1_TO_F1_DELAY      0.449                 13.971  5       
fr/n2857                                                     NET DELAY           2.168                 16.139  5       
fr/i2655_3_lut_4_lut_4_lut/B->fr/i2655_3_lut_4_lut_4_lut/Z
                                          SLICE_R16C21D      D0_TO_F0_DELAY      0.449                 16.588  3       
fr/n3353                                                     NET DELAY           2.168                 18.756  3       
fr/i1_4_lut_adj_6/B->fr/i1_4_lut_adj_6/Z  SLICE_R16C21C      D1_TO_F1_DELAY      0.449                 19.205  1       
fr/n1778                                                     NET DELAY           2.168                 21.373  1       
fr/i2742_4_lut/D->fr/i2742_4_lut/Z        SLICE_R16C22D      D1_TO_F1_DELAY      0.449                 21.822  17      
fr/n2912                                                     NET DELAY           3.252                 25.074  17      
{fr/next_state_i28/SR   fr/next_state_i27/SR}
                                                             ENDPOINT            0.000                 25.074  1       


Destination Clock Path
Name                                      Cell/Site Name     Delay Name       Incr      Arrival/Required Time  Fanout  
----------------------------------------  -----------------  ---------------  --------  ---------------------  ------  
                                                             CONSTRAINT          0.000                 20.833  1       
hf_osc.osc_inst/CLKHF                     HFOSC_HFOSC_R1C32  CLOCK LATENCY       0.000                 20.833  72      
am/int_osc                                                   NET DELAY           5.499                 26.332  72      
{fr/next_state_i28/CK   fr/next_state_i27/CK}
                                                             CLOCK PIN           0.000                 26.332  1       
                                                             Uncertainty      -(0.000)                 26.332  
                                                             Setup time       -(0.529)                 25.803  
----------------------------------------  -----------------  ---------------  --------  ---------------------  ------  
Required Time                                                                                          25.803  
Arrival Time                                                                                        -(25.073)  
----------------------------------------  -----------------  ---------------  --------  ---------------------  ------  
Path Slack  (Passed)                                                                                    0.729  



+++++++++++++++++++++++++++++++++++++++++++++++++++++++++++++++++++++ 
                    End of Detailed Report for timing paths 
+++++++++++++++++++++++++++++++++++++++++++++++++++++++++++++++++++++ 


##########################################################



===============================================================
3  Hold at Speed Grade m Corner at -40 Degrees
===============================================================

3.1  Endpoint slacks
=======================
-------------------------------------------------------
          Listing 10 End Points          |    Slack    
-------------------------------------------------------
fr/next_state_i22/D                      |    1.743 ns 
fr/next_state_i24/D                      |    1.743 ns 
fr/next_state_i23/D                      |    1.743 ns 
fr/next_state_i26/D                      |    1.743 ns 
fr/next_state_i25/D                      |    1.743 ns 
fr/next_state_i27/D                      |    1.743 ns 
fr/next_state_i30/D                      |    1.743 ns 
fr/sclk_count__i1/D                      |    1.743 ns 
fr/state__i0/D                           |    1.743 ns 
fr/state__i1/D                           |    1.743 ns 
-------------------------------------------------------
                                         |             
Hold # of endpoints with negative slack: |           0 
                                         |             
-------------------------------------------------------

3.2  Detailed Report
=======================


XXXXXXXXXXXXXXXXXXXXXXXXXXXXXXXXXXXXXXXXXXXXXXXXXXXXXXXXXX

Detail report of critical paths

XXXXXXXXXXXXXXXXXXXXXXXXXXXXXXXXXXXXXXXXXXXXXXXXXXXXXXXXXX

 +++++++++++++++++++++++++++++++++++++++++++++++++++++++++++++++++++++
                    Detailed Report for timing paths 
 +++++++++++++++++++++++++++++++++++++++++++++++++++++++++++++++++++++

 ++++Path 1  ++++++++++++++++++++++++++++++++++++++++++++++++++++++++++

Path Begin       : fr/state__i22/Q  (SLICE_R16C23D)
Path End         : fr/next_state_i22/D  (SLICE_R15C23D)
Source Clock     : int_osc (R)
Destination Clock: int_osc (R)
Logic Level      : 2
Delay Ratio      : 40.8% (route), 59.2% (logic)
Clock Skew       : 0.000 ns 
Hold Constraint  : 0.000 ns 
Path Slack       : 1.743 ns  (Passed)


Source Clock Path
Name                                      Cell/Site Name     Delay Name       Incr   Arrival/Required Time  Fanout  
----------------------------------------  -----------------  ---------------  -----  ---------------------  ------  
hf_osc.osc_inst/CLKHF                     HFOSC_HFOSC_R1C32  CLOCK LATENCY    0.000                  0.000  73      
am/int_osc                                                   NET DELAY        3.084                  3.084  73      
{fr/state__i31/CK   fr/state__i22/CK}                        CLOCK PIN        0.000                  3.084  1       


Data Path
Name                                      Cell/Site Name     Delay Name       Incr   Arrival/Required Time  Fanout  
----------------------------------------  -----------------  ---------------  -----  ---------------------  ------  
fr/state__i22/CK->fr/state__i22/Q         SLICE_R16C23D      CLK_TO_Q1_DELAY  0.779                  3.863  2       
fr/state[22]_2                                               NET DELAY        0.712                  4.575  2       
fr.SLICE_23/D0->fr.SLICE_23/F0            SLICE_R15C23D      D0_TO_F0_DELAY   0.252                  4.827  1       
fr.state[22]_2.sig_010.FeedThruLUT                           NET DELAY        0.000                  4.827  1       
fr/next_state_i22/D                                          ENDPOINT         0.000                  4.827  1       


Destination Clock Path
Name                                      Cell/Site Name     Delay Name       Incr   Arrival/Required Time  Fanout  
----------------------------------------  -----------------  ---------------  -----  ---------------------  ------  
                                                             CONSTRAINT       0.000                  0.000  1       
hf_osc.osc_inst/CLKHF                     HFOSC_HFOSC_R1C32  CLOCK LATENCY    0.000                  0.000  73      
am/int_osc                                                   NET DELAY        3.084                  3.084  73      
{fr/next_state_i22/CK   fr/next_state_i21/CK}
                                                             CLOCK PIN        0.000                  3.084  1       
                                                             Uncertainty      0.000                  3.084  
                                                             Hold time        0.000                  3.084  
----------------------------------------  -----------------  ---------------  -----  ---------------------  ------  
Required Time                                                                                       -3.084  
Arrival Time                                                                                         4.827  
----------------------------------------  -----------------  ---------------  -----  ---------------------  ------  
Path Slack  (Passed)                                                                                 1.743  




++++ Path 2 ++++++++++++++++++++++++++++++++++++++++++++++++++++++++++ 

Path Begin       : fr/state__i24/Q  (SLICE_R15C21B)
Path End         : fr/next_state_i24/D  (SLICE_R15C22A)
Source Clock     : int_osc (R)
Destination Clock: int_osc (R)
Logic Level      : 2
Delay Ratio      : 40.8% (route), 59.2% (logic)
Clock Skew       : 0.000 ns 
Hold Constraint  : 0.000 ns 
Path Slack       : 1.743 ns  (Passed)


Source Clock Path
Name                                      Cell/Site Name     Delay Name       Incr   Arrival/Required Time  Fanout  
----------------------------------------  -----------------  ---------------  -----  ---------------------  ------  
hf_osc.osc_inst/CLKHF                     HFOSC_HFOSC_R1C32  CLOCK LATENCY    0.000                  0.000  73      
am/int_osc                                                   NET DELAY        3.084                  3.084  73      
{fr/state__i24/CK   fr/state__i2/CK}                         CLOCK PIN        0.000                  3.084  1       


Data Path
Name                                      Cell/Site Name     Delay Name       Incr   Arrival/Required Time  Fanout  
----------------------------------------  -----------------  ---------------  -----  ---------------------  ------  
fr/state__i24/CK->fr/state__i24/Q         SLICE_R15C21B      CLK_TO_Q0_DELAY  0.779                  3.863  2       
fr/state[24]_2                                               NET DELAY        0.712                  4.575  2       
fr.SLICE_21/D0->fr.SLICE_21/F0            SLICE_R15C22A      D0_TO_F0_DELAY   0.252                  4.827  1       
fr.state[24]_2.sig_008.FeedThruLUT                           NET DELAY        0.000                  4.827  1       
fr/next_state_i24/D                                          ENDPOINT         0.000                  4.827  1       


Destination Clock Path
Name                                      Cell/Site Name     Delay Name       Incr   Arrival/Required Time  Fanout  
----------------------------------------  -----------------  ---------------  -----  ---------------------  ------  
                                                             CONSTRAINT       0.000                  0.000  1       
hf_osc.osc_inst/CLKHF                     HFOSC_HFOSC_R1C32  CLOCK LATENCY    0.000                  0.000  73      
am/int_osc                                                   NET DELAY        3.084                  3.084  73      
{fr/next_state_i24/CK   fr/next_state_i23/CK}
                                                             CLOCK PIN        0.000                  3.084  1       
                                                             Uncertainty      0.000                  3.084  
                                                             Hold time        0.000                  3.084  
----------------------------------------  -----------------  ---------------  -----  ---------------------  ------  
Required Time                                                                                       -3.084  
Arrival Time                                                                                         4.827  
----------------------------------------  -----------------  ---------------  -----  ---------------------  ------  
Path Slack  (Passed)                                                                                 1.743  




++++ Path 3 ++++++++++++++++++++++++++++++++++++++++++++++++++++++++++ 

Path Begin       : fr/state__i23/Q  (SLICE_R14C22A)
Path End         : fr/next_state_i23/D  (SLICE_R15C22A)
Source Clock     : int_osc (R)
Destination Clock: int_osc (R)
Logic Level      : 2
Delay Ratio      : 40.8% (route), 59.2% (logic)
Clock Skew       : 0.000 ns 
Hold Constraint  : 0.000 ns 
Path Slack       : 1.743 ns  (Passed)


Source Clock Path
Name                                      Cell/Site Name     Delay Name       Incr   Arrival/Required Time  Fanout  
----------------------------------------  -----------------  ---------------  -----  ---------------------  ------  
hf_osc.osc_inst/CLKHF                     HFOSC_HFOSC_R1C32  CLOCK LATENCY    0.000                  0.000  73      
am/int_osc                                                   NET DELAY        3.084                  3.084  73      
{fr/state__i26/CK   fr/state__i23/CK}                        CLOCK PIN        0.000                  3.084  1       


Data Path
Name                                      Cell/Site Name     Delay Name       Incr   Arrival/Required Time  Fanout  
----------------------------------------  -----------------  ---------------  -----  ---------------------  ------  
fr/state__i23/CK->fr/state__i23/Q         SLICE_R14C22A      CLK_TO_Q1_DELAY  0.779                  3.863  2       
fr/state[23]_2                                               NET DELAY        0.712                  4.575  2       
fr.SLICE_21/D1->fr.SLICE_21/F1            SLICE_R15C22A      D1_TO_F1_DELAY   0.252                  4.827  1       
fr.state[23]_2.sig_009.FeedThruLUT                           NET DELAY        0.000                  4.827  1       
fr/next_state_i23/D                                          ENDPOINT         0.000                  4.827  1       


Destination Clock Path
Name                                      Cell/Site Name     Delay Name       Incr   Arrival/Required Time  Fanout  
----------------------------------------  -----------------  ---------------  -----  ---------------------  ------  
                                                             CONSTRAINT       0.000                  0.000  1       
hf_osc.osc_inst/CLKHF                     HFOSC_HFOSC_R1C32  CLOCK LATENCY    0.000                  0.000  73      
am/int_osc                                                   NET DELAY        3.084                  3.084  73      
{fr/next_state_i24/CK   fr/next_state_i23/CK}
                                                             CLOCK PIN        0.000                  3.084  1       
                                                             Uncertainty      0.000                  3.084  
                                                             Hold time        0.000                  3.084  
----------------------------------------  -----------------  ---------------  -----  ---------------------  ------  
Required Time                                                                                       -3.084  
Arrival Time                                                                                         4.827  
----------------------------------------  -----------------  ---------------  -----  ---------------------  ------  
Path Slack  (Passed)                                                                                 1.743  




++++ Path 4 ++++++++++++++++++++++++++++++++++++++++++++++++++++++++++ 

Path Begin       : fr/state__i26/Q  (SLICE_R14C22A)
Path End         : fr/next_state_i26/D  (SLICE_R15C22B)
Source Clock     : int_osc (R)
Destination Clock: int_osc (R)
Logic Level      : 2
Delay Ratio      : 40.8% (route), 59.2% (logic)
Clock Skew       : 0.000 ns 
Hold Constraint  : 0.000 ns 
Path Slack       : 1.743 ns  (Passed)


Source Clock Path
Name                                      Cell/Site Name     Delay Name       Incr   Arrival/Required Time  Fanout  
----------------------------------------  -----------------  ---------------  -----  ---------------------  ------  
hf_osc.osc_inst/CLKHF                     HFOSC_HFOSC_R1C32  CLOCK LATENCY    0.000                  0.000  73      
am/int_osc                                                   NET DELAY        3.084                  3.084  73      
{fr/state__i26/CK   fr/state__i23/CK}                        CLOCK PIN        0.000                  3.084  1       


Data Path
Name                                      Cell/Site Name     Delay Name       Incr   Arrival/Required Time  Fanout  
----------------------------------------  -----------------  ---------------  -----  ---------------------  ------  
fr/state__i26/CK->fr/state__i26/Q         SLICE_R14C22A      CLK_TO_Q0_DELAY  0.779                  3.863  2       
fr/state[26]_2                                               NET DELAY        0.712                  4.575  2       
fr.SLICE_19/D0->fr.SLICE_19/F0            SLICE_R15C22B      D0_TO_F0_DELAY   0.252                  4.827  1       
fr.state[26]_2.sig_006.FeedThruLUT                           NET DELAY        0.000                  4.827  1       
fr/next_state_i26/D                                          ENDPOINT         0.000                  4.827  1       


Destination Clock Path
Name                                      Cell/Site Name     Delay Name       Incr   Arrival/Required Time  Fanout  
----------------------------------------  -----------------  ---------------  -----  ---------------------  ------  
                                                             CONSTRAINT       0.000                  0.000  1       
hf_osc.osc_inst/CLKHF                     HFOSC_HFOSC_R1C32  CLOCK LATENCY    0.000                  0.000  73      
am/int_osc                                                   NET DELAY        3.084                  3.084  73      
{fr/next_state_i26/CK   fr/next_state_i25/CK}
                                                             CLOCK PIN        0.000                  3.084  1       
                                                             Uncertainty      0.000                  3.084  
                                                             Hold time        0.000                  3.084  
----------------------------------------  -----------------  ---------------  -----  ---------------------  ------  
Required Time                                                                                       -3.084  
Arrival Time                                                                                         4.827  
----------------------------------------  -----------------  ---------------  -----  ---------------------  ------  
Path Slack  (Passed)                                                                                 1.743  




++++ Path 5 ++++++++++++++++++++++++++++++++++++++++++++++++++++++++++ 

Path Begin       : fr/state__i25/Q  (SLICE_R15C21C)
Path End         : fr/next_state_i25/D  (SLICE_R15C22B)
Source Clock     : int_osc (R)
Destination Clock: int_osc (R)
Logic Level      : 2
Delay Ratio      : 40.8% (route), 59.2% (logic)
Clock Skew       : 0.000 ns 
Hold Constraint  : 0.000 ns 
Path Slack       : 1.743 ns  (Passed)


Source Clock Path
Name                                      Cell/Site Name     Delay Name       Incr   Arrival/Required Time  Fanout  
----------------------------------------  -----------------  ---------------  -----  ---------------------  ------  
hf_osc.osc_inst/CLKHF                     HFOSC_HFOSC_R1C32  CLOCK LATENCY    0.000                  0.000  73      
am/int_osc                                                   NET DELAY        3.084                  3.084  73      
fr/state__i25/CK                                             CLOCK PIN        0.000                  3.084  1       


Data Path
Name                                      Cell/Site Name     Delay Name       Incr   Arrival/Required Time  Fanout  
----------------------------------------  -----------------  ---------------  -----  ---------------------  ------  
fr/state__i25/CK->fr/state__i25/Q         SLICE_R15C21C      CLK_TO_Q0_DELAY  0.779                  3.863  2       
fr/state[25]_2                                               NET DELAY        0.712                  4.575  2       
fr.SLICE_19/D1->fr.SLICE_19/F1            SLICE_R15C22B      D1_TO_F1_DELAY   0.252                  4.827  1       
fr.state[25]_2.sig_007.FeedThruLUT                           NET DELAY        0.000                  4.827  1       
fr/next_state_i25/D                                          ENDPOINT         0.000                  4.827  1       


Destination Clock Path
Name                                      Cell/Site Name     Delay Name       Incr   Arrival/Required Time  Fanout  
----------------------------------------  -----------------  ---------------  -----  ---------------------  ------  
                                                             CONSTRAINT       0.000                  0.000  1       
hf_osc.osc_inst/CLKHF                     HFOSC_HFOSC_R1C32  CLOCK LATENCY    0.000                  0.000  73      
am/int_osc                                                   NET DELAY        3.084                  3.084  73      
{fr/next_state_i26/CK   fr/next_state_i25/CK}
                                                             CLOCK PIN        0.000                  3.084  1       
                                                             Uncertainty      0.000                  3.084  
                                                             Hold time        0.000                  3.084  
----------------------------------------  -----------------  ---------------  -----  ---------------------  ------  
Required Time                                                                                       -3.084  
Arrival Time                                                                                         4.827  
----------------------------------------  -----------------  ---------------  -----  ---------------------  ------  
Path Slack  (Passed)                                                                                 1.743  




++++ Path 6 ++++++++++++++++++++++++++++++++++++++++++++++++++++++++++ 

Path Begin       : fr/state__i27/Q  (SLICE_R17C23D)
Path End         : fr/next_state_i27/D  (SLICE_R18C23B)
Source Clock     : int_osc (R)
Destination Clock: int_osc (R)
Logic Level      : 2
Delay Ratio      : 40.8% (route), 59.2% (logic)
Clock Skew       : 0.000 ns 
Hold Constraint  : 0.000 ns 
Path Slack       : 1.743 ns  (Passed)


Source Clock Path
Name                                      Cell/Site Name     Delay Name       Incr   Arrival/Required Time  Fanout  
----------------------------------------  -----------------  ---------------  -----  ---------------------  ------  
hf_osc.osc_inst/CLKHF                     HFOSC_HFOSC_R1C32  CLOCK LATENCY    0.000                  0.000  73      
am/int_osc                                                   NET DELAY        3.084                  3.084  73      
fr/state__i27/CK                                             CLOCK PIN        0.000                  3.084  1       


Data Path
Name                                      Cell/Site Name     Delay Name       Incr   Arrival/Required Time  Fanout  
----------------------------------------  -----------------  ---------------  -----  ---------------------  ------  
fr/state__i27/CK->fr/state__i27/Q         SLICE_R17C23D      CLK_TO_Q0_DELAY  0.779                  3.863  2       
fr/state[27]_2                                               NET DELAY        0.712                  4.575  2       
fr.SLICE_17/D1->fr.SLICE_17/F1            SLICE_R18C23B      D1_TO_F1_DELAY   0.252                  4.827  1       
fr.state[27]_2.sig_005.FeedThruLUT                           NET DELAY        0.000                  4.827  1       
fr/next_state_i27/D                                          ENDPOINT         0.000                  4.827  1       


Destination Clock Path
Name                                      Cell/Site Name     Delay Name       Incr   Arrival/Required Time  Fanout  
----------------------------------------  -----------------  ---------------  -----  ---------------------  ------  
                                                             CONSTRAINT       0.000                  0.000  1       
hf_osc.osc_inst/CLKHF                     HFOSC_HFOSC_R1C32  CLOCK LATENCY    0.000                  0.000  73      
am/int_osc                                                   NET DELAY        3.084                  3.084  73      
{fr/next_state_i28/CK   fr/next_state_i27/CK}
                                                             CLOCK PIN        0.000                  3.084  1       
                                                             Uncertainty      0.000                  3.084  
                                                             Hold time        0.000                  3.084  
----------------------------------------  -----------------  ---------------  -----  ---------------------  ------  
Required Time                                                                                       -3.084  
Arrival Time                                                                                         4.827  
----------------------------------------  -----------------  ---------------  -----  ---------------------  ------  
Path Slack  (Passed)                                                                                 1.743  




++++ Path 7 ++++++++++++++++++++++++++++++++++++++++++++++++++++++++++ 

Path Begin       : fr/state__i30/Q  (SLICE_R18C21B)
Path End         : fr/next_state_i30/D  (SLICE_R17C21D)
Source Clock     : int_osc (R)
Destination Clock: int_osc (R)
Logic Level      : 2
Delay Ratio      : 40.8% (route), 59.2% (logic)
Clock Skew       : 0.000 ns 
Hold Constraint  : 0.000 ns 
Path Slack       : 1.743 ns  (Passed)


Source Clock Path
Name                                      Cell/Site Name     Delay Name       Incr   Arrival/Required Time  Fanout  
----------------------------------------  -----------------  ---------------  -----  ---------------------  ------  
hf_osc.osc_inst/CLKHF                     HFOSC_HFOSC_R1C32  CLOCK LATENCY    0.000                  0.000  73      
am/int_osc                                                   NET DELAY        3.084                  3.084  73      
fr/state__i30/CK                                             CLOCK PIN        0.000                  3.084  1       


Data Path
Name                                      Cell/Site Name     Delay Name       Incr   Arrival/Required Time  Fanout  
----------------------------------------  -----------------  ---------------  -----  ---------------------  ------  
fr/state__i30/CK->fr/state__i30/Q         SLICE_R18C21B      CLK_TO_Q0_DELAY  0.779                  3.863  2       
fr/state[30]_2                                               NET DELAY        0.712                  4.575  2       
fr.SLICE_15/D0->fr.SLICE_15/F0            SLICE_R17C21D      D0_TO_F0_DELAY   0.252                  4.827  1       
fr.state[30]_2.sig_002.FeedThruLUT                           NET DELAY        0.000                  4.827  1       
fr/next_state_i30/D                                          ENDPOINT         0.000                  4.827  1       


Destination Clock Path
Name                                      Cell/Site Name     Delay Name       Incr   Arrival/Required Time  Fanout  
----------------------------------------  -----------------  ---------------  -----  ---------------------  ------  
                                                             CONSTRAINT       0.000                  0.000  1       
hf_osc.osc_inst/CLKHF                     HFOSC_HFOSC_R1C32  CLOCK LATENCY    0.000                  0.000  73      
am/int_osc                                                   NET DELAY        3.084                  3.084  73      
{fr/next_state_i30/CK   fr/next_state_i29/CK}
                                                             CLOCK PIN        0.000                  3.084  1       
                                                             Uncertainty      0.000                  3.084  
                                                             Hold time        0.000                  3.084  
----------------------------------------  -----------------  ---------------  -----  ---------------------  ------  
Required Time                                                                                       -3.084  
Arrival Time                                                                                         4.827  
----------------------------------------  -----------------  ---------------  -----  ---------------------  ------  
Path Slack  (Passed)                                                                                 1.743  




++++ Path 8 ++++++++++++++++++++++++++++++++++++++++++++++++++++++++++ 

Path Begin       : fr/sclk_count__i1/Q  (SLICE_R17C24A)
Path End         : fr/sclk_count__i1/D  (SLICE_R17C24A)
Source Clock     : int_osc (R)
Destination Clock: int_osc (R)
Logic Level      : 2
Delay Ratio      : 40.8% (route), 59.2% (logic)
Clock Skew       : 0.000 ns 
Hold Constraint  : 0.000 ns 
Path Slack       : 1.743 ns  (Passed)


Source Clock Path
Name                                      Cell/Site Name     Delay Name       Incr   Arrival/Required Time  Fanout  
----------------------------------------  -----------------  ---------------  -----  ---------------------  ------  
hf_osc.osc_inst/CLKHF                     HFOSC_HFOSC_R1C32  CLOCK LATENCY    0.000                  0.000  73      
am/int_osc                                                   NET DELAY        3.084                  3.084  73      
fr/sclk_count__i1/CK                                         CLOCK PIN        0.000                  3.084  1       


Data Path
Name                                      Cell/Site Name     Delay Name       Incr   Arrival/Required Time  Fanout  
----------------------------------------  -----------------  ---------------  -----  ---------------------  ------  
fr/sclk_count__i1/CK->fr/sclk_count__i1/Q
                                          SLICE_R17C24A      CLK_TO_Q0_DELAY  0.779                  3.863  4       
fr/sclk_count[1]                                             NET DELAY        0.712                  4.575  4       
fr/i1282_2_lut/A->fr/i1282_2_lut/Z        SLICE_R17C24A      D0_TO_F0_DELAY   0.252                  4.827  1       
fr/n860[1]                                                   NET DELAY        0.000                  4.827  1       
fr/sclk_count__i1/D                                          ENDPOINT         0.000                  4.827  1       


Destination Clock Path
Name                                      Cell/Site Name     Delay Name       Incr   Arrival/Required Time  Fanout  
----------------------------------------  -----------------  ---------------  -----  ---------------------  ------  
                                                             CONSTRAINT       0.000                  0.000  1       
hf_osc.osc_inst/CLKHF                     HFOSC_HFOSC_R1C32  CLOCK LATENCY    0.000                  0.000  73      
am/int_osc                                                   NET DELAY        3.084                  3.084  73      
fr/sclk_count__i1/CK                                         CLOCK PIN        0.000                  3.084  1       
                                                             Uncertainty      0.000                  3.084  
                                                             Hold time        0.000                  3.084  
----------------------------------------  -----------------  ---------------  -----  ---------------------  ------  
Required Time                                                                                       -3.084  
Arrival Time                                                                                         4.827  
----------------------------------------  -----------------  ---------------  -----  ---------------------  ------  
Path Slack  (Passed)                                                                                 1.743  




++++ Path 9 ++++++++++++++++++++++++++++++++++++++++++++++++++++++++++ 

Path Begin       : fr/next_state_i0/Q  (SLICE_R15C20A)
Path End         : fr/state__i0/D  (SLICE_R15C21A)
Source Clock     : int_osc (R)
Destination Clock: int_osc (R)
Logic Level      : 2
Delay Ratio      : 40.8% (route), 59.2% (logic)
Clock Skew       : 0.000 ns 
Hold Constraint  : 0.000 ns 
Path Slack       : 1.743 ns  (Passed)


Source Clock Path
Name                                      Cell/Site Name     Delay Name       Incr   Arrival/Required Time  Fanout  
----------------------------------------  -----------------  ---------------  -----  ---------------------  ------  
hf_osc.osc_inst/CLKHF                     HFOSC_HFOSC_R1C32  CLOCK LATENCY    0.000                  0.000  73      
am/int_osc                                                   NET DELAY        3.084                  3.084  73      
{fr/next_state_i0/CK   fr/next_state_i1/CK}
                                                             CLOCK PIN        0.000                  3.084  1       


Data Path
Name                                      Cell/Site Name     Delay Name       Incr   Arrival/Required Time  Fanout  
----------------------------------------  -----------------  ---------------  -----  ---------------------  ------  
fr/next_state_i0/CK->fr/next_state_i0/Q   SLICE_R15C20A      CLK_TO_Q0_DELAY  0.779                  3.863  1       
fr/next_state[0]                                             NET DELAY        0.712                  4.575  1       
fr.SLICE_10/D0->fr.SLICE_10/F0            SLICE_R15C21A      D0_TO_F0_DELAY   0.252                  4.827  1       
fr.next_state[0].sig_000.FeedThruLUT                         NET DELAY        0.000                  4.827  1       
fr/state__i0/D                                               ENDPOINT         0.000                  4.827  1       


Destination Clock Path
Name                                      Cell/Site Name     Delay Name       Incr   Arrival/Required Time  Fanout  
----------------------------------------  -----------------  ---------------  -----  ---------------------  ------  
                                                             CONSTRAINT       0.000                  0.000  1       
hf_osc.osc_inst/CLKHF                     HFOSC_HFOSC_R1C32  CLOCK LATENCY    0.000                  0.000  73      
am/int_osc                                                   NET DELAY        3.084                  3.084  73      
{fr/state__i0/CK   fr/state__i1/CK}                          CLOCK PIN        0.000                  3.084  1       
                                                             Uncertainty      0.000                  3.084  
                                                             Hold time        0.000                  3.084  
----------------------------------------  -----------------  ---------------  -----  ---------------------  ------  
Required Time                                                                                       -3.084  
Arrival Time                                                                                         4.827  
----------------------------------------  -----------------  ---------------  -----  ---------------------  ------  
Path Slack  (Passed)                                                                                 1.743  




++++ Path 10 ++++++++++++++++++++++++++++++++++++++++++++++++++++++++++ 

Path Begin       : fr/next_state_i1/Q  (SLICE_R15C20A)
Path End         : fr/state__i1/D  (SLICE_R15C21A)
Source Clock     : int_osc (R)
Destination Clock: int_osc (R)
Logic Level      : 2
Delay Ratio      : 40.8% (route), 59.2% (logic)
Clock Skew       : 0.000 ns 
Hold Constraint  : 0.000 ns 
Path Slack       : 1.743 ns  (Passed)


Source Clock Path
Name                                      Cell/Site Name     Delay Name       Incr   Arrival/Required Time  Fanout  
----------------------------------------  -----------------  ---------------  -----  ---------------------  ------  
hf_osc.osc_inst/CLKHF                     HFOSC_HFOSC_R1C32  CLOCK LATENCY    0.000                  0.000  73      
am/int_osc                                                   NET DELAY        3.084                  3.084  73      
{fr/next_state_i0/CK   fr/next_state_i1/CK}
                                                             CLOCK PIN        0.000                  3.084  1       


Data Path
Name                                      Cell/Site Name     Delay Name       Incr   Arrival/Required Time  Fanout  
----------------------------------------  -----------------  ---------------  -----  ---------------------  ------  
fr/next_state_i1/CK->fr/next_state_i1/Q   SLICE_R15C20A      CLK_TO_Q1_DELAY  0.779                  3.863  1       
fr/next_state[1]                                             NET DELAY        0.712                  4.575  1       
fr.SLICE_10/D1->fr.SLICE_10/F1            SLICE_R15C21A      D1_TO_F1_DELAY   0.252                  4.827  1       
fr.next_state[1].sig_062.FeedThruLUT                         NET DELAY        0.000                  4.827  1       
fr/state__i1/D                                               ENDPOINT         0.000                  4.827  1       


Destination Clock Path
Name                                      Cell/Site Name     Delay Name       Incr   Arrival/Required Time  Fanout  
----------------------------------------  -----------------  ---------------  -----  ---------------------  ------  
                                                             CONSTRAINT       0.000                  0.000  1       
hf_osc.osc_inst/CLKHF                     HFOSC_HFOSC_R1C32  CLOCK LATENCY    0.000                  0.000  73      
am/int_osc                                                   NET DELAY        3.084                  3.084  73      
{fr/state__i0/CK   fr/state__i1/CK}                          CLOCK PIN        0.000                  3.084  1       
                                                             Uncertainty      0.000                  3.084  
                                                             Hold time        0.000                  3.084  
----------------------------------------  -----------------  ---------------  -----  ---------------------  ------  
Required Time                                                                                       -3.084  
Arrival Time                                                                                         4.827  
----------------------------------------  -----------------  ---------------  -----  ---------------------  ------  
Path Slack  (Passed)                                                                                 1.743  



+++++++++++++++++++++++++++++++++++++++++++++++++++++++++++++++++++++ 
                    End of Detailed Report for timing paths 
+++++++++++++++++++++++++++++++++++++++++++++++++++++++++++++++++++++ 


##########################################################



