
                         Lattice Mapping Report File

Design:  finalproj
Family:  iCE40UP
Device:  iCE40UP5K
Package: SG48
Performance Grade:  High-Performance_1.2V

Mapper:    version Radiant Software (64-bit) 2024.2.0.3.0
Mapped on: Tue Dec  2 21:22:45 2025

Design Information
------------------

Command line:   map -pdc C:/Users/wchan/Documents/GitHub/e155-final-project/fpga
     /LatticeProject/finalproject/pinout.pdc -i finalproject_top_syn.udb -o
     finalproject_top_map.udb -mp finalproject_top.mrp -hierrpt -gui -msgset C:/
     Users/wchan/Documents/GitHub/e155-final-project/fpga/LatticeProject/finalpr
     oject/promote.xml

Design Summary
--------------

   Number of slice registers: 179 out of  5280 (3%)
   Number of I/O registers:      1 out of   117 (1%)
   Number of LUT4s:           350 out of  5280 (7%)
      Number of logic LUT4s:             162
      Number of inserted feedthru LUT4s: 106
      Number of replicated LUT4s:          4
      Number of ripple logic:             39 (78 LUT4s)
   Number of IO sites used:   15 out of 39 (38%)
      Number of IO sites used for general PIO: 14
      Number of IO sites used for I3C: 0 out of 2 (0%)
      (note: If I3C is not used, its site can be used as general PIO)
      Number of IO sites used for PIO+I3C: 14 out of 36 (39%)
      Number of IO sites used for OD+RGB IO buffers: 1 out of 3 (33%)
      (note: If RGB LED drivers are not used, sites can be used as OD outputs,
       see TN1288 iCE40 LED Driver Usage Guide)
      Number of IO sites used for PIO+I3C+OD+RGB: 15 out of 39 (38%)
   Number of DSPs:             0 out of 8 (0%)
   Number of I2Cs:             0 out of 2 (0%)
   Number of High Speed OSCs:  1 out of 1 (100%)
   Number of Low Speed OSCs:   0 out of 1 (0%)
   Number of RGB PWM:          0 out of 1 (0%)
   Number of RGB Drivers:      0 out of 1 (0%)
   Number of SCL FILTERs:      0 out of 2 (0%)
   Number of SRAMs:            0 out of 4 (0%)
   Number of WARMBOOTs:        0 out of 1 (0%)
   Number of SPIs:             0 out of 2 (0%)
   Number of EBRs:             8 out of 30 (27%)
   Number of PLLs:             0 out of 1 (0%)
   Number of Clocks:  3
      Net clk: 160 loads, 160 rising, 0 falling (Driver: Pin counter_198__i21/Q)
      Net int_osc: 11 loads, 11 rising, 0 falling (Driver: Pin
     hf_osc.osc_inst/CLKHF)
      Net sck_c: 12 loads, 12 rising, 0 falling (Driver: Port sck)
   Number of Clock Enables:  7
      Net VCC_net: 17 loads, 0 SLICEs
      Net n2086: 4 loads, 4 SLICEs
      Net n2097: 13 loads, 13 SLICEs
      Net n2068: 8 loads, 8 SLICEs

                                    Page 1





Design Summary (cont)
---------------------
      Pin cs: 8 loads, 7 SLICEs (Net: cs_c)
      Net synchronizer.n480: 8 loads, 8 SLICEs
      Net lcd_driver.n495: 5 loads, 5 SLICEs
   Number of LSRs:  4
      Pin reset: 59 loads, 59 SLICEs (Net: reset_c)
      Net n2057: 4 loads, 4 SLICEs
      Net synchronizer.n529: 8 loads, 8 SLICEs
      Net lcd_driver.n2049: 5 loads, 5 SLICEs
   Top 10 highest fanout non-clock nets:
      Net reset_c: 67 loads
      Net VCC_net: 41 loads
      Net lcd_driver.state[4]: 35 loads
      Net lcd_driver.mes.byte_select_reg[1]: 23 loads
      Net n351: 23 loads
      Net lcd_driver.mes.byte_select_reg[0]: 22 loads
      Net directedBits[2]: 20 loads
      Net directedBits[3]: 19 loads
      Net directedBits[0]: 17 loads
      Net directedBits[6]: 15 loads





   Number of warnings:  0
   Number of criticals: 0
   Number of errors:    0

Design Errors/Criticals/Warnings
--------------------------------

   No error, critical, or warning presents.
INFO <52291017> - map: Port 'DB[1]' is located on BB_OD pad '41'. Its IO buffer
     is mapped to BB_OD accordingly. Please notice PULLMODE is not applicable to
     BB_OD.

IO (PIO) Attributes
-------------------

+---------------------+-----------+-----------+-------+-------+-----------+
| IO Name             | Direction | Levelmode |  IO   |  IO   | Special   |
|                     |           |  IO_TYPE  |  REG  |  DDR  | IO Buffer |
+---------------------+-----------+-----------+-------+-------+-----------+
| reset               | INPUT     |           |       |       |           |
+---------------------+-----------+-----------+-------+-------+-----------+
| cs                  | INPUT     |           |       |       |           |
+---------------------+-----------+-----------+-------+-------+-----------+
| sdi                 | INPUT     |           | I     |       |           |
+---------------------+-----------+-----------+-------+-------+-----------+
| sck                 | INPUT     |           |       |       |           |
+---------------------+-----------+-----------+-------+-------+-----------+
| DB[0]               | OUTPUT    |           |       |       |           |
+---------------------+-----------+-----------+-------+-------+-----------+
| DB[2]               | OUTPUT    |           |       |       |           |
+---------------------+-----------+-----------+-------+-------+-----------+
| DB[3]               | OUTPUT    |           |       |       |           |
+---------------------+-----------+-----------+-------+-------+-----------+
| DB[4]               | OUTPUT    |           |       |       |           |

                                    Page 2





IO (PIO) Attributes (cont)
--------------------------
+---------------------+-----------+-----------+-------+-------+-----------+
| DB[5]               | OUTPUT    |           |       |       |           |
+---------------------+-----------+-----------+-------+-------+-----------+
| DB[6]               | OUTPUT    |           |       |       |           |
+---------------------+-----------+-----------+-------+-------+-----------+
| DB[7]               | OUTPUT    |           |       |       |           |
+---------------------+-----------+-----------+-------+-------+-----------+
| chip_en             | OUTPUT    |           |       |       |           |
+---------------------+-----------+-----------+-------+-------+-----------+
| rw                  | OUTPUT    |           |       |       |           |
+---------------------+-----------+-----------+-------+-------+-----------+
| rs                  | OUTPUT    |           |       |       |           |
+---------------------+-----------+-----------+-------+-------+-----------+
| DB[1]               | OUTPUT    |           |       |       | OD        |
+---------------------+-----------+-----------+-------+-------+-----------+

OSC Summary
-----------

OSC 1:                                 Pin/Node Value
  OSC Instance Name:                            hf_osc.osc_inst
  Power UP:                            NODE     VCC_net
  Enable Signal:                       NODE     VCC_net
  OSC Output:                          NODE     int_osc
  DIV Setting:                                  00

ASIC Components
---------------

Instance Name: lcd_driver/mes/ebr_inst/lscc_ram_dp_inst/mem_main/NON_MIX.ADDR_RO
     UTE[0].DATA_ROUTE[7].no_init.u_mem0/ICE_MEM.u_mem0.ebr_inst
         Type: EBR
Instance Name: lcd_driver/mes/ebr_inst/lscc_ram_dp_inst/mem_main/NON_MIX.ADDR_RO
     UTE[0].DATA_ROUTE[6].no_init.u_mem0/ICE_MEM.u_mem0.ebr_inst
         Type: EBR
Instance Name: lcd_driver/mes/ebr_inst/lscc_ram_dp_inst/mem_main/NON_MIX.ADDR_RO
     UTE[0].DATA_ROUTE[5].no_init.u_mem0/ICE_MEM.u_mem0.ebr_inst
         Type: EBR
Instance Name: lcd_driver/mes/ebr_inst/lscc_ram_dp_inst/mem_main/NON_MIX.ADDR_RO
     UTE[0].DATA_ROUTE[4].no_init.u_mem0/ICE_MEM.u_mem0.ebr_inst
         Type: EBR
Instance Name: lcd_driver/mes/ebr_inst/lscc_ram_dp_inst/mem_main/NON_MIX.ADDR_RO
     UTE[0].DATA_ROUTE[3].no_init.u_mem0/ICE_MEM.u_mem0.ebr_inst
         Type: EBR
Instance Name: lcd_driver/mes/ebr_inst/lscc_ram_dp_inst/mem_main/NON_MIX.ADDR_RO
     UTE[0].DATA_ROUTE[2].no_init.u_mem0/ICE_MEM.u_mem0.ebr_inst
         Type: EBR
Instance Name: lcd_driver/mes/ebr_inst/lscc_ram_dp_inst/mem_main/NON_MIX.ADDR_RO
     UTE[0].DATA_ROUTE[1].no_init.u_mem0/ICE_MEM.u_mem0.ebr_inst
         Type: EBR
Instance Name: lcd_driver/mes/ebr_inst/lscc_ram_dp_inst/mem_main/NON_MIX.ADDR_RO
     UTE[0].DATA_ROUTE[0].no_init.u_mem0/ICE_MEM.u_mem0.ebr_inst
         Type: EBR
Instance Name: spi/intermedByte_i0_i0
         Type: IOLOGIC
Instance Name: hf_osc.osc_inst
         Type: HFOSC

                                    Page 3






Constraint Summary
------------------

   Total number of constraints: 17
   Total number of constraints dropped: 0

Run Time and Memory Usage
-------------------------

   Total CPU Time: 0 secs
   Total REAL Time: 0 secs
   Peak Memory Usage: 72 MB
Checksum -- map: fdf61f303fef3be6499c30f3decff53168e97d33














































                                    Page 4


Copyright (c) 1991-1994 by NeoCAD Inc. All rights reserved.
Copyright (c) 1995
     AT&T Corp.   All rights reserved.
Copyright (c) 1995-2001 Lucent
     Technologies Inc.  All rights reserved.
Copyright (c) 2001 Agere Systems
     All rights reserved.
Copyright (c) 2002-2024 Lattice Semiconductor
     Corporation,  All rights reserved.
