Lattice Timing Report -  Setup  and Hold, Version Radiant Software (64-bit) 2024.2.0.3.0

Fri Dec  5 12:55:06 2025

Copyright (c) 1991-1994 by NeoCAD Inc. All rights reserved.
Copyright (c) 1995 AT&T Corp.   All rights reserved.
Copyright (c) 1995-2001 Lucent Technologies Inc.  All rights reserved.
Copyright (c) 2001 Agere Systems   All rights reserved.
Copyright (c) 2002-2024 Lattice Semiconductor Corporation,  All rights reserved.

Command line:    timing -sethld -v 10 -u 10 -endpoints 10 -nperend 1 -sp High-Performance_1.2V -hsp m -pwrprd -html -rpt FINAL_impl_1.twr FINAL_impl_1.udb -gui -msgset C:/Users/ihottenrott/Documents/GitHub/e155-final-project/FINAL/promote.xml

-----------------------------------------
Design:          top
Family:          iCE40UP
Device:          iCE40UP5K
Package:         SG48
Performance:     High-Performance_1.2V
Package Status:                     Preliminary    Version 1.5
**Performance Hardware Data Status :   Advanced Version 1.0
-----------------------------------------


=====================================================================
                    Table of Contents
=====================================================================
    1  Timing Overview
        1.1  SDC Constraints
        1.2  Constraint Coverage
        1.3  Overall Summary
        1.4  Unconstrained Report
        1.5  Combinational Loop
    2  Setup at Speed Grade High-Performance_1.2V Corner at 100 Degrees
        2.1  Clock Summary
        2.2  Endpoint slacks
        2.3  Detailed Report
    3  Hold at Speed Grade m Corner at -40 Degrees
        3.1  Endpoint slacks
        3.2  Detailed Report

=====================================================================
                    End of Table of Contents
=====================================================================

==============================================
1  Timing Overview
==============================================

1.1  SDC Constraints
=====================
create_clock -name {int_osc} -period 20.8333 [get_pins {hf_osc.osc_inst/CLKHF }] 

1.2  Constraint Coverage
---------------------------
Constraint Coverage: 8.66527%


1.3  Overall Summary
---------------------------
 Setup at Speed Grade High-Performance_1.2V Corner at 100 Degrees     Timing Errors: 0 endpoints;  Total Negative Slack: 0.000 ns 
 Hold at Speed Grade m Corner at -40 Degrees                          Timing Errors: 0 endpoints;  Total Negative Slack: 0.000 ns 

1.4  Unconstrained Report
===========================

1.4.1  Unconstrained Start/End Points
--------------------------------------

Clocked but unconstrained timing start points
--------------------------------------------------
There is no start point satisfying reporting criteria


Clocked but unconstrained timing end points
-------------------------------------------------------------------
          Listing 1 End Points          |           Type           
-------------------------------------------------------------------
clk/SR                                  |           No arrival time
-------------------------------------------------------------------
                                        |                          
Number of unconstrained timing end poin |                          
ts                                      |                         1
                                        |                          
-------------------------------------------------------------------

1.4.2  Start/End Points Without Timing Constraints
---------------------------------------------------

I/O ports without constraint
----------------------------
Possible constraints to use on I/O ports are:
set_input_delay,
set_output_delay,
set_max_delay,
create_clock,
create_generated_clock,
...

-------------------------------------------------------------------
     Listing 10 Start or End Points     |           Type           
-------------------------------------------------------------------
reset                                   |                     input
screen[3]                               |                     input
screen[2]                               |                     input
screen[1]                               |                     input
screen[0]                               |                     input
DB[7]                                   |                    output
DB[6]                                   |                    output
DB[5]                                   |                    output
DB[4]                                   |                    output
DB[3]                                   |                    output
-------------------------------------------------------------------
                                        |                          
Number of I/O ports without constraint  |                        17
                                        |                          
-------------------------------------------------------------------

Nets without clock definition
Define a clock on a top level port or a generated clock on a clock divider pin associated with this net(s).
-------------------------------------------------------------------
            Listing 1 Net(s)            |        Source pin        
-------------------------------------------------------------------
test_c                                  |                     clk/Q
-------------------------------------------------------------------
                                        |                          
Number of clock nets without clock defi |                          
nition                                  |                         1
                                        |                          
-------------------------------------------------------------------


1.5  Combinational Loop
========================
None

===============================================================
2  Setup at Speed Grade High-Performance_1.2V Corner at 100 Degrees
===============================================================

2.1  Clock Summary
=======================

2.1.1 Clock "int_osc"
=======================
create_clock -name {int_osc} -period 20.8333 [get_pins {hf_osc.osc_inst/CLKHF }] 

Single Clock Domain
-------------------------------------------------------------------------------------------------------
             Clock int_osc              |                    |       Period       |     Frequency      
-------------------------------------------------------------------------------------------------------
 From int_osc                           |             Target |          20.833 ns |         48.000 MHz 
                                        | Actual (all paths) |          20.792 ns |         48.095 MHz 
hf_osc.osc_inst/CLKHF (MPW)             |   (50% duty cycle) |          20.792 ns |         48.095 MHz 
-------------------------------------------------------------------------------------------------------

Clock Domain Crossing

2.2  Endpoint slacks
=======================
-------------------------------------------------------
          Listing 10 End Points          |    Slack    
-------------------------------------------------------
{counter_286__i15/SR   counter_286__i16/SR}              
                                         |    7.153 ns 
{counter_286__i17/SR   counter_286__i18/SR}              
                                         |    7.153 ns 
{counter_286__i19/SR   counter_286__i20/SR}              
                                         |    7.153 ns 
counter_286__i0/SR                       |    7.153 ns 
{counter_286__i1/SR   counter_286__i2/SR}|    7.153 ns 
{counter_286__i3/SR   counter_286__i4/SR}|    7.153 ns 
{counter_286__i5/SR   counter_286__i6/SR}|    7.153 ns 
{counter_286__i7/SR   counter_286__i8/SR}|    7.668 ns 
{counter_286__i9/SR   counter_286__i10/SR}              
                                         |    7.668 ns 
{counter_286__i11/SR   counter_286__i12/SR}              
                                         |    7.668 ns 
-------------------------------------------------------
                                         |             
Setup # of endpoints with negative slack:|           0 
                                         |             
-------------------------------------------------------

2.3  Detailed Report
=======================


XXXXXXXXXXXXXXXXXXXXXXXXXXXXXXXXXXXXXXXXXXXXXXXXXXXXXXXXXX

Detail report of critical paths

XXXXXXXXXXXXXXXXXXXXXXXXXXXXXXXXXXXXXXXXXXXXXXXXXXXXXXXXXX

 +++++++++++++++++++++++++++++++++++++++++++++++++++++++++++++++++++++
                    Detailed Report for timing paths 
 +++++++++++++++++++++++++++++++++++++++++++++++++++++++++++++++++++++

 ++++Path 1  ++++++++++++++++++++++++++++++++++++++++++++++++++++++++++

Path Begin       : counter_286__i10/Q  (SLICE_R5C6B)
Path End         : {counter_286__i15/SR   counter_286__i16/SR}  (SLICE_R5C7A)
Source Clock     : int_osc (R)
Destination Clock: int_osc (R)
Logic Level      : 4
Delay Ratio      : 79.0% (route), 21.0% (logic)
Clock Skew       : 0.000 ns 
Setup Constraint : 20.833 ns 
Path Slack       : 7.153 ns  (Passed)


Source Clock Path
Name                                      Cell/Site Name     Delay Name       Incr      Arrival/Required Time  Fanout  
----------------------------------------  -----------------  ---------------  --------  ---------------------  ------  
hf_osc.osc_inst/CLKHF                     HFOSC_HFOSC_R1C32  CLOCK LATENCY       0.000                  0.000  13      
int_osc                                                      NET DELAY           5.499                  5.499  13      
{counter_286__i9/CK   counter_286__i10/CK}
                                                             CLOCK PIN           0.000                  5.499  1       


Data Path
Name                                      Cell/Site Name     Delay Name       Incr      Arrival/Required Time  Fanout  
----------------------------------------  -----------------  ---------------  --------  ---------------------  ------  
counter_286__i10/CK->counter_286__i10/Q   SLICE_R5C6B        CLK_TO_Q1_DELAY     1.388                  6.887  2       
counter[10]                                                  NET DELAY           2.617                  9.504  2       
i1773_4_lut/A->i1773_4_lut/Z              SLICE_R4C6A        C1_TO_F1_DELAY      0.449                  9.953  1       
n2454                                                        NET DELAY           3.622                 13.575  1       
i6_4_lut/B->i6_4_lut/Z                    SLICE_R6C6B        A0_TO_F0_DELAY      0.476                 14.051  2       
n965                                                         NET DELAY           0.304                 14.355  2       
i2086_2_lut/A->i2086_2_lut/Z              SLICE_R6C6B        C1_TO_F1_DELAY      0.449                 14.804  11      
n376                                                         NET DELAY           3.846                 18.650  11      
{counter_286__i15/SR   counter_286__i16/SR}
                                                             ENDPOINT            0.000                 18.650  1       


Destination Clock Path
Name                                      Cell/Site Name     Delay Name       Incr      Arrival/Required Time  Fanout  
----------------------------------------  -----------------  ---------------  --------  ---------------------  ------  
                                                             CONSTRAINT          0.000                 20.833  1       
hf_osc.osc_inst/CLKHF                     HFOSC_HFOSC_R1C32  CLOCK LATENCY       0.000                 20.833  13      
int_osc                                                      NET DELAY           5.499                 26.332  13      
{counter_286__i15/CK   counter_286__i16/CK}
                                                             CLOCK PIN           0.000                 26.332  1       
                                                             Uncertainty      -(0.000)                 26.332  
                                                             Setup time       -(0.529)                 25.803  
----------------------------------------  -----------------  ---------------  --------  ---------------------  ------  
Required Time                                                                                          25.803  
Arrival Time                                                                                        -(18.649)  
----------------------------------------  -----------------  ---------------  --------  ---------------------  ------  
Path Slack  (Passed)                                                                                    7.153  




++++ Path 2 ++++++++++++++++++++++++++++++++++++++++++++++++++++++++++ 

Path Begin       : counter_286__i10/Q  (SLICE_R5C6B)
Path End         : {counter_286__i17/SR   counter_286__i18/SR}  (SLICE_R5C7B)
Source Clock     : int_osc (R)
Destination Clock: int_osc (R)
Logic Level      : 4
Delay Ratio      : 79.0% (route), 21.0% (logic)
Clock Skew       : 0.000 ns 
Setup Constraint : 20.833 ns 
Path Slack       : 7.153 ns  (Passed)


Source Clock Path
Name                                      Cell/Site Name     Delay Name       Incr      Arrival/Required Time  Fanout  
----------------------------------------  -----------------  ---------------  --------  ---------------------  ------  
hf_osc.osc_inst/CLKHF                     HFOSC_HFOSC_R1C32  CLOCK LATENCY       0.000                  0.000  13      
int_osc                                                      NET DELAY           5.499                  5.499  13      
{counter_286__i9/CK   counter_286__i10/CK}
                                                             CLOCK PIN           0.000                  5.499  1       


Data Path
Name                                      Cell/Site Name     Delay Name       Incr      Arrival/Required Time  Fanout  
----------------------------------------  -----------------  ---------------  --------  ---------------------  ------  
counter_286__i10/CK->counter_286__i10/Q   SLICE_R5C6B        CLK_TO_Q1_DELAY     1.388                  6.887  2       
counter[10]                                                  NET DELAY           2.617                  9.504  2       
i1773_4_lut/A->i1773_4_lut/Z              SLICE_R4C6A        C1_TO_F1_DELAY      0.449                  9.953  1       
n2454                                                        NET DELAY           3.622                 13.575  1       
i6_4_lut/B->i6_4_lut/Z                    SLICE_R6C6B        A0_TO_F0_DELAY      0.476                 14.051  2       
n965                                                         NET DELAY           0.304                 14.355  2       
i2086_2_lut/A->i2086_2_lut/Z              SLICE_R6C6B        C1_TO_F1_DELAY      0.449                 14.804  11      
n376                                                         NET DELAY           3.846                 18.650  11      
{counter_286__i17/SR   counter_286__i18/SR}
                                                             ENDPOINT            0.000                 18.650  1       


Destination Clock Path
Name                                      Cell/Site Name     Delay Name       Incr      Arrival/Required Time  Fanout  
----------------------------------------  -----------------  ---------------  --------  ---------------------  ------  
                                                             CONSTRAINT          0.000                 20.833  1       
hf_osc.osc_inst/CLKHF                     HFOSC_HFOSC_R1C32  CLOCK LATENCY       0.000                 20.833  13      
int_osc                                                      NET DELAY           5.499                 26.332  13      
{counter_286__i17/CK   counter_286__i18/CK}
                                                             CLOCK PIN           0.000                 26.332  1       
                                                             Uncertainty      -(0.000)                 26.332  
                                                             Setup time       -(0.529)                 25.803  
----------------------------------------  -----------------  ---------------  --------  ---------------------  ------  
Required Time                                                                                          25.803  
Arrival Time                                                                                        -(18.649)  
----------------------------------------  -----------------  ---------------  --------  ---------------------  ------  
Path Slack  (Passed)                                                                                    7.153  




++++ Path 3 ++++++++++++++++++++++++++++++++++++++++++++++++++++++++++ 

Path Begin       : counter_286__i10/Q  (SLICE_R5C6B)
Path End         : {counter_286__i19/SR   counter_286__i20/SR}  (SLICE_R5C7C)
Source Clock     : int_osc (R)
Destination Clock: int_osc (R)
Logic Level      : 4
Delay Ratio      : 79.0% (route), 21.0% (logic)
Clock Skew       : 0.000 ns 
Setup Constraint : 20.833 ns 
Path Slack       : 7.153 ns  (Passed)


Source Clock Path
Name                                      Cell/Site Name     Delay Name       Incr      Arrival/Required Time  Fanout  
----------------------------------------  -----------------  ---------------  --------  ---------------------  ------  
hf_osc.osc_inst/CLKHF                     HFOSC_HFOSC_R1C32  CLOCK LATENCY       0.000                  0.000  13      
int_osc                                                      NET DELAY           5.499                  5.499  13      
{counter_286__i9/CK   counter_286__i10/CK}
                                                             CLOCK PIN           0.000                  5.499  1       


Data Path
Name                                      Cell/Site Name     Delay Name       Incr      Arrival/Required Time  Fanout  
----------------------------------------  -----------------  ---------------  --------  ---------------------  ------  
counter_286__i10/CK->counter_286__i10/Q   SLICE_R5C6B        CLK_TO_Q1_DELAY     1.388                  6.887  2       
counter[10]                                                  NET DELAY           2.617                  9.504  2       
i1773_4_lut/A->i1773_4_lut/Z              SLICE_R4C6A        C1_TO_F1_DELAY      0.449                  9.953  1       
n2454                                                        NET DELAY           3.622                 13.575  1       
i6_4_lut/B->i6_4_lut/Z                    SLICE_R6C6B        A0_TO_F0_DELAY      0.476                 14.051  2       
n965                                                         NET DELAY           0.304                 14.355  2       
i2086_2_lut/A->i2086_2_lut/Z              SLICE_R6C6B        C1_TO_F1_DELAY      0.449                 14.804  11      
n376                                                         NET DELAY           3.846                 18.650  11      
{counter_286__i19/SR   counter_286__i20/SR}
                                                             ENDPOINT            0.000                 18.650  1       


Destination Clock Path
Name                                      Cell/Site Name     Delay Name       Incr      Arrival/Required Time  Fanout  
----------------------------------------  -----------------  ---------------  --------  ---------------------  ------  
                                                             CONSTRAINT          0.000                 20.833  1       
hf_osc.osc_inst/CLKHF                     HFOSC_HFOSC_R1C32  CLOCK LATENCY       0.000                 20.833  13      
int_osc                                                      NET DELAY           5.499                 26.332  13      
{counter_286__i19/CK   counter_286__i20/CK}
                                                             CLOCK PIN           0.000                 26.332  1       
                                                             Uncertainty      -(0.000)                 26.332  
                                                             Setup time       -(0.529)                 25.803  
----------------------------------------  -----------------  ---------------  --------  ---------------------  ------  
Required Time                                                                                          25.803  
Arrival Time                                                                                        -(18.649)  
----------------------------------------  -----------------  ---------------  --------  ---------------------  ------  
Path Slack  (Passed)                                                                                    7.153  




++++ Path 4 ++++++++++++++++++++++++++++++++++++++++++++++++++++++++++ 

Path Begin       : counter_286__i10/Q  (SLICE_R5C6B)
Path End         : counter_286__i0/SR  (SLICE_R5C5A)
Source Clock     : int_osc (R)
Destination Clock: int_osc (R)
Logic Level      : 4
Delay Ratio      : 79.0% (route), 21.0% (logic)
Clock Skew       : 0.000 ns 
Setup Constraint : 20.833 ns 
Path Slack       : 7.153 ns  (Passed)


Source Clock Path
Name                                      Cell/Site Name     Delay Name       Incr      Arrival/Required Time  Fanout  
----------------------------------------  -----------------  ---------------  --------  ---------------------  ------  
hf_osc.osc_inst/CLKHF                     HFOSC_HFOSC_R1C32  CLOCK LATENCY       0.000                  0.000  13      
int_osc                                                      NET DELAY           5.499                  5.499  13      
{counter_286__i9/CK   counter_286__i10/CK}
                                                             CLOCK PIN           0.000                  5.499  1       


Data Path
Name                                      Cell/Site Name     Delay Name       Incr      Arrival/Required Time  Fanout  
----------------------------------------  -----------------  ---------------  --------  ---------------------  ------  
counter_286__i10/CK->counter_286__i10/Q   SLICE_R5C6B        CLK_TO_Q1_DELAY     1.388                  6.887  2       
counter[10]                                                  NET DELAY           2.617                  9.504  2       
i1773_4_lut/A->i1773_4_lut/Z              SLICE_R4C6A        C1_TO_F1_DELAY      0.449                  9.953  1       
n2454                                                        NET DELAY           3.622                 13.575  1       
i6_4_lut/B->i6_4_lut/Z                    SLICE_R6C6B        A0_TO_F0_DELAY      0.476                 14.051  2       
n965                                                         NET DELAY           0.304                 14.355  2       
i2086_2_lut/A->i2086_2_lut/Z              SLICE_R6C6B        C1_TO_F1_DELAY      0.449                 14.804  11      
n376                                                         NET DELAY           3.846                 18.650  11      
counter_286__i0/SR                                           ENDPOINT            0.000                 18.650  1       


Destination Clock Path
Name                                      Cell/Site Name     Delay Name       Incr      Arrival/Required Time  Fanout  
----------------------------------------  -----------------  ---------------  --------  ---------------------  ------  
                                                             CONSTRAINT          0.000                 20.833  1       
hf_osc.osc_inst/CLKHF                     HFOSC_HFOSC_R1C32  CLOCK LATENCY       0.000                 20.833  13      
int_osc                                                      NET DELAY           5.499                 26.332  13      
counter_286__i0/CK                                           CLOCK PIN           0.000                 26.332  1       
                                                             Uncertainty      -(0.000)                 26.332  
                                                             Setup time       -(0.529)                 25.803  
----------------------------------------  -----------------  ---------------  --------  ---------------------  ------  
Required Time                                                                                          25.803  
Arrival Time                                                                                        -(18.649)  
----------------------------------------  -----------------  ---------------  --------  ---------------------  ------  
Path Slack  (Passed)                                                                                    7.153  




++++ Path 5 ++++++++++++++++++++++++++++++++++++++++++++++++++++++++++ 

Path Begin       : counter_286__i10/Q  (SLICE_R5C6B)
Path End         : {counter_286__i1/SR   counter_286__i2/SR}  (SLICE_R5C5B)
Source Clock     : int_osc (R)
Destination Clock: int_osc (R)
Logic Level      : 4
Delay Ratio      : 79.0% (route), 21.0% (logic)
Clock Skew       : 0.000 ns 
Setup Constraint : 20.833 ns 
Path Slack       : 7.153 ns  (Passed)


Source Clock Path
Name                                      Cell/Site Name     Delay Name       Incr      Arrival/Required Time  Fanout  
----------------------------------------  -----------------  ---------------  --------  ---------------------  ------  
hf_osc.osc_inst/CLKHF                     HFOSC_HFOSC_R1C32  CLOCK LATENCY       0.000                  0.000  13      
int_osc                                                      NET DELAY           5.499                  5.499  13      
{counter_286__i9/CK   counter_286__i10/CK}
                                                             CLOCK PIN           0.000                  5.499  1       


Data Path
Name                                      Cell/Site Name     Delay Name       Incr      Arrival/Required Time  Fanout  
----------------------------------------  -----------------  ---------------  --------  ---------------------  ------  
counter_286__i10/CK->counter_286__i10/Q   SLICE_R5C6B        CLK_TO_Q1_DELAY     1.388                  6.887  2       
counter[10]                                                  NET DELAY           2.617                  9.504  2       
i1773_4_lut/A->i1773_4_lut/Z              SLICE_R4C6A        C1_TO_F1_DELAY      0.449                  9.953  1       
n2454                                                        NET DELAY           3.622                 13.575  1       
i6_4_lut/B->i6_4_lut/Z                    SLICE_R6C6B        A0_TO_F0_DELAY      0.476                 14.051  2       
n965                                                         NET DELAY           0.304                 14.355  2       
i2086_2_lut/A->i2086_2_lut/Z              SLICE_R6C6B        C1_TO_F1_DELAY      0.449                 14.804  11      
n376                                                         NET DELAY           3.846                 18.650  11      
{counter_286__i1/SR   counter_286__i2/SR}
                                                             ENDPOINT            0.000                 18.650  1       


Destination Clock Path
Name                                      Cell/Site Name     Delay Name       Incr      Arrival/Required Time  Fanout  
----------------------------------------  -----------------  ---------------  --------  ---------------------  ------  
                                                             CONSTRAINT          0.000                 20.833  1       
hf_osc.osc_inst/CLKHF                     HFOSC_HFOSC_R1C32  CLOCK LATENCY       0.000                 20.833  13      
int_osc                                                      NET DELAY           5.499                 26.332  13      
{counter_286__i1/CK   counter_286__i2/CK}
                                                             CLOCK PIN           0.000                 26.332  1       
                                                             Uncertainty      -(0.000)                 26.332  
                                                             Setup time       -(0.529)                 25.803  
----------------------------------------  -----------------  ---------------  --------  ---------------------  ------  
Required Time                                                                                          25.803  
Arrival Time                                                                                        -(18.649)  
----------------------------------------  -----------------  ---------------  --------  ---------------------  ------  
Path Slack  (Passed)                                                                                    7.153  




++++ Path 6 ++++++++++++++++++++++++++++++++++++++++++++++++++++++++++ 

Path Begin       : counter_286__i10/Q  (SLICE_R5C6B)
Path End         : {counter_286__i3/SR   counter_286__i4/SR}  (SLICE_R5C5C)
Source Clock     : int_osc (R)
Destination Clock: int_osc (R)
Logic Level      : 4
Delay Ratio      : 79.0% (route), 21.0% (logic)
Clock Skew       : 0.000 ns 
Setup Constraint : 20.833 ns 
Path Slack       : 7.153 ns  (Passed)


Source Clock Path
Name                                      Cell/Site Name     Delay Name       Incr      Arrival/Required Time  Fanout  
----------------------------------------  -----------------  ---------------  --------  ---------------------  ------  
hf_osc.osc_inst/CLKHF                     HFOSC_HFOSC_R1C32  CLOCK LATENCY       0.000                  0.000  13      
int_osc                                                      NET DELAY           5.499                  5.499  13      
{counter_286__i9/CK   counter_286__i10/CK}
                                                             CLOCK PIN           0.000                  5.499  1       


Data Path
Name                                      Cell/Site Name     Delay Name       Incr      Arrival/Required Time  Fanout  
----------------------------------------  -----------------  ---------------  --------  ---------------------  ------  
counter_286__i10/CK->counter_286__i10/Q   SLICE_R5C6B        CLK_TO_Q1_DELAY     1.388                  6.887  2       
counter[10]                                                  NET DELAY           2.617                  9.504  2       
i1773_4_lut/A->i1773_4_lut/Z              SLICE_R4C6A        C1_TO_F1_DELAY      0.449                  9.953  1       
n2454                                                        NET DELAY           3.622                 13.575  1       
i6_4_lut/B->i6_4_lut/Z                    SLICE_R6C6B        A0_TO_F0_DELAY      0.476                 14.051  2       
n965                                                         NET DELAY           0.304                 14.355  2       
i2086_2_lut/A->i2086_2_lut/Z              SLICE_R6C6B        C1_TO_F1_DELAY      0.449                 14.804  11      
n376                                                         NET DELAY           3.846                 18.650  11      
{counter_286__i3/SR   counter_286__i4/SR}
                                                             ENDPOINT            0.000                 18.650  1       


Destination Clock Path
Name                                      Cell/Site Name     Delay Name       Incr      Arrival/Required Time  Fanout  
----------------------------------------  -----------------  ---------------  --------  ---------------------  ------  
                                                             CONSTRAINT          0.000                 20.833  1       
hf_osc.osc_inst/CLKHF                     HFOSC_HFOSC_R1C32  CLOCK LATENCY       0.000                 20.833  13      
int_osc                                                      NET DELAY           5.499                 26.332  13      
{counter_286__i3/CK   counter_286__i4/CK}
                                                             CLOCK PIN           0.000                 26.332  1       
                                                             Uncertainty      -(0.000)                 26.332  
                                                             Setup time       -(0.529)                 25.803  
----------------------------------------  -----------------  ---------------  --------  ---------------------  ------  
Required Time                                                                                          25.803  
Arrival Time                                                                                        -(18.649)  
----------------------------------------  -----------------  ---------------  --------  ---------------------  ------  
Path Slack  (Passed)                                                                                    7.153  




++++ Path 7 ++++++++++++++++++++++++++++++++++++++++++++++++++++++++++ 

Path Begin       : counter_286__i10/Q  (SLICE_R5C6B)
Path End         : {counter_286__i5/SR   counter_286__i6/SR}  (SLICE_R5C5D)
Source Clock     : int_osc (R)
Destination Clock: int_osc (R)
Logic Level      : 4
Delay Ratio      : 79.0% (route), 21.0% (logic)
Clock Skew       : 0.000 ns 
Setup Constraint : 20.833 ns 
Path Slack       : 7.153 ns  (Passed)


Source Clock Path
Name                                      Cell/Site Name     Delay Name       Incr      Arrival/Required Time  Fanout  
----------------------------------------  -----------------  ---------------  --------  ---------------------  ------  
hf_osc.osc_inst/CLKHF                     HFOSC_HFOSC_R1C32  CLOCK LATENCY       0.000                  0.000  13      
int_osc                                                      NET DELAY           5.499                  5.499  13      
{counter_286__i9/CK   counter_286__i10/CK}
                                                             CLOCK PIN           0.000                  5.499  1       


Data Path
Name                                      Cell/Site Name     Delay Name       Incr      Arrival/Required Time  Fanout  
----------------------------------------  -----------------  ---------------  --------  ---------------------  ------  
counter_286__i10/CK->counter_286__i10/Q   SLICE_R5C6B        CLK_TO_Q1_DELAY     1.388                  6.887  2       
counter[10]                                                  NET DELAY           2.617                  9.504  2       
i1773_4_lut/A->i1773_4_lut/Z              SLICE_R4C6A        C1_TO_F1_DELAY      0.449                  9.953  1       
n2454                                                        NET DELAY           3.622                 13.575  1       
i6_4_lut/B->i6_4_lut/Z                    SLICE_R6C6B        A0_TO_F0_DELAY      0.476                 14.051  2       
n965                                                         NET DELAY           0.304                 14.355  2       
i2086_2_lut/A->i2086_2_lut/Z              SLICE_R6C6B        C1_TO_F1_DELAY      0.449                 14.804  11      
n376                                                         NET DELAY           3.846                 18.650  11      
{counter_286__i5/SR   counter_286__i6/SR}
                                                             ENDPOINT            0.000                 18.650  1       


Destination Clock Path
Name                                      Cell/Site Name     Delay Name       Incr      Arrival/Required Time  Fanout  
----------------------------------------  -----------------  ---------------  --------  ---------------------  ------  
                                                             CONSTRAINT          0.000                 20.833  1       
hf_osc.osc_inst/CLKHF                     HFOSC_HFOSC_R1C32  CLOCK LATENCY       0.000                 20.833  13      
int_osc                                                      NET DELAY           5.499                 26.332  13      
{counter_286__i5/CK   counter_286__i6/CK}
                                                             CLOCK PIN           0.000                 26.332  1       
                                                             Uncertainty      -(0.000)                 26.332  
                                                             Setup time       -(0.529)                 25.803  
----------------------------------------  -----------------  ---------------  --------  ---------------------  ------  
Required Time                                                                                          25.803  
Arrival Time                                                                                        -(18.649)  
----------------------------------------  -----------------  ---------------  --------  ---------------------  ------  
Path Slack  (Passed)                                                                                    7.153  




++++ Path 8 ++++++++++++++++++++++++++++++++++++++++++++++++++++++++++ 

Path Begin       : counter_286__i10/Q  (SLICE_R5C6B)
Path End         : {counter_286__i7/SR   counter_286__i8/SR}  (SLICE_R5C6A)
Source Clock     : int_osc (R)
Destination Clock: int_osc (R)
Logic Level      : 4
Delay Ratio      : 78.1% (route), 21.9% (logic)
Clock Skew       : 0.000 ns 
Setup Constraint : 20.833 ns 
Path Slack       : 7.668 ns  (Passed)


Source Clock Path
Name                                      Cell/Site Name     Delay Name       Incr      Arrival/Required Time  Fanout  
----------------------------------------  -----------------  ---------------  --------  ---------------------  ------  
hf_osc.osc_inst/CLKHF                     HFOSC_HFOSC_R1C32  CLOCK LATENCY       0.000                  0.000  13      
int_osc                                                      NET DELAY           5.499                  5.499  13      
{counter_286__i9/CK   counter_286__i10/CK}
                                                             CLOCK PIN           0.000                  5.499  1       


Data Path
Name                                      Cell/Site Name     Delay Name       Incr      Arrival/Required Time  Fanout  
----------------------------------------  -----------------  ---------------  --------  ---------------------  ------  
counter_286__i10/CK->counter_286__i10/Q   SLICE_R5C6B        CLK_TO_Q1_DELAY     1.388                  6.887  2       
counter[10]                                                  NET DELAY           2.617                  9.504  2       
i1773_4_lut/A->i1773_4_lut/Z              SLICE_R4C6A        C1_TO_F1_DELAY      0.449                  9.953  1       
n2454                                                        NET DELAY           3.622                 13.575  1       
i6_4_lut/B->i6_4_lut/Z                    SLICE_R6C6B        A0_TO_F0_DELAY      0.476                 14.051  2       
n965                                                         NET DELAY           0.304                 14.355  2       
i2086_2_lut/A->i2086_2_lut/Z              SLICE_R6C6B        C1_TO_F1_DELAY      0.449                 14.804  11      
n376                                                         NET DELAY           3.331                 18.135  11      
{counter_286__i7/SR   counter_286__i8/SR}
                                                             ENDPOINT            0.000                 18.135  1       


Destination Clock Path
Name                                      Cell/Site Name     Delay Name       Incr      Arrival/Required Time  Fanout  
----------------------------------------  -----------------  ---------------  --------  ---------------------  ------  
                                                             CONSTRAINT          0.000                 20.833  1       
hf_osc.osc_inst/CLKHF                     HFOSC_HFOSC_R1C32  CLOCK LATENCY       0.000                 20.833  13      
int_osc                                                      NET DELAY           5.499                 26.332  13      
{counter_286__i7/CK   counter_286__i8/CK}
                                                             CLOCK PIN           0.000                 26.332  1       
                                                             Uncertainty      -(0.000)                 26.332  
                                                             Setup time       -(0.529)                 25.803  
----------------------------------------  -----------------  ---------------  --------  ---------------------  ------  
Required Time                                                                                          25.803  
Arrival Time                                                                                        -(18.134)  
----------------------------------------  -----------------  ---------------  --------  ---------------------  ------  
Path Slack  (Passed)                                                                                    7.668  




++++ Path 9 ++++++++++++++++++++++++++++++++++++++++++++++++++++++++++ 

Path Begin       : counter_286__i10/Q  (SLICE_R5C6B)
Path End         : {counter_286__i9/SR   counter_286__i10/SR}  (SLICE_R5C6B)
Source Clock     : int_osc (R)
Destination Clock: int_osc (R)
Logic Level      : 4
Delay Ratio      : 78.1% (route), 21.9% (logic)
Clock Skew       : 0.000 ns 
Setup Constraint : 20.833 ns 
Path Slack       : 7.668 ns  (Passed)


Source Clock Path
Name                                      Cell/Site Name     Delay Name       Incr      Arrival/Required Time  Fanout  
----------------------------------------  -----------------  ---------------  --------  ---------------------  ------  
hf_osc.osc_inst/CLKHF                     HFOSC_HFOSC_R1C32  CLOCK LATENCY       0.000                  0.000  13      
int_osc                                                      NET DELAY           5.499                  5.499  13      
{counter_286__i9/CK   counter_286__i10/CK}
                                                             CLOCK PIN           0.000                  5.499  1       


Data Path
Name                                      Cell/Site Name     Delay Name       Incr      Arrival/Required Time  Fanout  
----------------------------------------  -----------------  ---------------  --------  ---------------------  ------  
counter_286__i10/CK->counter_286__i10/Q   SLICE_R5C6B        CLK_TO_Q1_DELAY     1.388                  6.887  2       
counter[10]                                                  NET DELAY           2.617                  9.504  2       
i1773_4_lut/A->i1773_4_lut/Z              SLICE_R4C6A        C1_TO_F1_DELAY      0.449                  9.953  1       
n2454                                                        NET DELAY           3.622                 13.575  1       
i6_4_lut/B->i6_4_lut/Z                    SLICE_R6C6B        A0_TO_F0_DELAY      0.476                 14.051  2       
n965                                                         NET DELAY           0.304                 14.355  2       
i2086_2_lut/A->i2086_2_lut/Z              SLICE_R6C6B        C1_TO_F1_DELAY      0.449                 14.804  11      
n376                                                         NET DELAY           3.331                 18.135  11      
{counter_286__i9/SR   counter_286__i10/SR}
                                                             ENDPOINT            0.000                 18.135  1       


Destination Clock Path
Name                                      Cell/Site Name     Delay Name       Incr      Arrival/Required Time  Fanout  
----------------------------------------  -----------------  ---------------  --------  ---------------------  ------  
                                                             CONSTRAINT          0.000                 20.833  1       
hf_osc.osc_inst/CLKHF                     HFOSC_HFOSC_R1C32  CLOCK LATENCY       0.000                 20.833  13      
int_osc                                                      NET DELAY           5.499                 26.332  13      
{counter_286__i9/CK   counter_286__i10/CK}
                                                             CLOCK PIN           0.000                 26.332  1       
                                                             Uncertainty      -(0.000)                 26.332  
                                                             Setup time       -(0.529)                 25.803  
----------------------------------------  -----------------  ---------------  --------  ---------------------  ------  
Required Time                                                                                          25.803  
Arrival Time                                                                                        -(18.134)  
----------------------------------------  -----------------  ---------------  --------  ---------------------  ------  
Path Slack  (Passed)                                                                                    7.668  




++++ Path 10 ++++++++++++++++++++++++++++++++++++++++++++++++++++++++++ 

Path Begin       : counter_286__i10/Q  (SLICE_R5C6B)
Path End         : {counter_286__i11/SR   counter_286__i12/SR}  (SLICE_R5C6C)
Source Clock     : int_osc (R)
Destination Clock: int_osc (R)
Logic Level      : 4
Delay Ratio      : 78.1% (route), 21.9% (logic)
Clock Skew       : 0.000 ns 
Setup Constraint : 20.833 ns 
Path Slack       : 7.668 ns  (Passed)


Source Clock Path
Name                                      Cell/Site Name     Delay Name       Incr      Arrival/Required Time  Fanout  
----------------------------------------  -----------------  ---------------  --------  ---------------------  ------  
hf_osc.osc_inst/CLKHF                     HFOSC_HFOSC_R1C32  CLOCK LATENCY       0.000                  0.000  13      
int_osc                                                      NET DELAY           5.499                  5.499  13      
{counter_286__i9/CK   counter_286__i10/CK}
                                                             CLOCK PIN           0.000                  5.499  1       


Data Path
Name                                      Cell/Site Name     Delay Name       Incr      Arrival/Required Time  Fanout  
----------------------------------------  -----------------  ---------------  --------  ---------------------  ------  
counter_286__i10/CK->counter_286__i10/Q   SLICE_R5C6B        CLK_TO_Q1_DELAY     1.388                  6.887  2       
counter[10]                                                  NET DELAY           2.617                  9.504  2       
i1773_4_lut/A->i1773_4_lut/Z              SLICE_R4C6A        C1_TO_F1_DELAY      0.449                  9.953  1       
n2454                                                        NET DELAY           3.622                 13.575  1       
i6_4_lut/B->i6_4_lut/Z                    SLICE_R6C6B        A0_TO_F0_DELAY      0.476                 14.051  2       
n965                                                         NET DELAY           0.304                 14.355  2       
i2086_2_lut/A->i2086_2_lut/Z              SLICE_R6C6B        C1_TO_F1_DELAY      0.449                 14.804  11      
n376                                                         NET DELAY           3.331                 18.135  11      
{counter_286__i11/SR   counter_286__i12/SR}
                                                             ENDPOINT            0.000                 18.135  1       


Destination Clock Path
Name                                      Cell/Site Name     Delay Name       Incr      Arrival/Required Time  Fanout  
----------------------------------------  -----------------  ---------------  --------  ---------------------  ------  
                                                             CONSTRAINT          0.000                 20.833  1       
hf_osc.osc_inst/CLKHF                     HFOSC_HFOSC_R1C32  CLOCK LATENCY       0.000                 20.833  13      
int_osc                                                      NET DELAY           5.499                 26.332  13      
{counter_286__i11/CK   counter_286__i12/CK}
                                                             CLOCK PIN           0.000                 26.332  1       
                                                             Uncertainty      -(0.000)                 26.332  
                                                             Setup time       -(0.529)                 25.803  
----------------------------------------  -----------------  ---------------  --------  ---------------------  ------  
Required Time                                                                                          25.803  
Arrival Time                                                                                        -(18.134)  
----------------------------------------  -----------------  ---------------  --------  ---------------------  ------  
Path Slack  (Passed)                                                                                    7.668  



+++++++++++++++++++++++++++++++++++++++++++++++++++++++++++++++++++++ 
                    End of Detailed Report for timing paths 
+++++++++++++++++++++++++++++++++++++++++++++++++++++++++++++++++++++ 


##########################################################



===============================================================
3  Hold at Speed Grade m Corner at -40 Degrees
===============================================================

3.1  Endpoint slacks
=======================
-------------------------------------------------------
          Listing 10 End Points          |    Slack    
-------------------------------------------------------
counter_286__i3/D                        |    1.913 ns 
counter_286__i4/D                        |    1.913 ns 
counter_286__i5/D                        |    1.913 ns 
counter_286__i6/D                        |    1.913 ns 
counter_286__i7/D                        |    1.913 ns 
counter_286__i8/D                        |    1.913 ns 
counter_286__i9/D                        |    1.913 ns 
counter_286__i10/D                       |    1.913 ns 
counter_286__i11/D                       |    1.913 ns 
counter_286__i12/D                       |    1.913 ns 
-------------------------------------------------------
                                         |             
Hold # of endpoints with negative slack: |           0 
                                         |             
-------------------------------------------------------

3.2  Detailed Report
=======================


XXXXXXXXXXXXXXXXXXXXXXXXXXXXXXXXXXXXXXXXXXXXXXXXXXXXXXXXXX

Detail report of critical paths

XXXXXXXXXXXXXXXXXXXXXXXXXXXXXXXXXXXXXXXXXXXXXXXXXXXXXXXXXX

 +++++++++++++++++++++++++++++++++++++++++++++++++++++++++++++++++++++
                    Detailed Report for timing paths 
 +++++++++++++++++++++++++++++++++++++++++++++++++++++++++++++++++++++

 ++++Path 1  ++++++++++++++++++++++++++++++++++++++++++++++++++++++++++

Path Begin       : counter_286__i3/Q  (SLICE_R5C5C)
Path End         : counter_286__i3/D  (SLICE_R5C5C)
Source Clock     : int_osc (R)
Destination Clock: int_osc (R)
Logic Level      : 2
Delay Ratio      : 46.1% (route), 53.9% (logic)
Clock Skew       : 0.000 ns 
Hold Constraint  : 0.000 ns 
Path Slack       : 1.913 ns  (Passed)


Source Clock Path
Name                                      Cell/Site Name     Delay Name       Incr   Arrival/Required Time  Fanout  
----------------------------------------  -----------------  ---------------  -----  ---------------------  ------  
hf_osc.osc_inst/CLKHF                     HFOSC_HFOSC_R1C32  CLOCK LATENCY    0.000                  0.000  14      
int_osc                                                      NET DELAY        3.084                  3.084  14      
{counter_286__i3/CK   counter_286__i4/CK}
                                                             CLOCK PIN        0.000                  3.084  1       


Data Path
Name                                      Cell/Site Name     Delay Name       Incr   Arrival/Required Time  Fanout  
----------------------------------------  -----------------  ---------------  -----  ---------------------  ------  
counter_286__i3/CK->counter_286__i3/Q     SLICE_R5C5C        CLK_TO_Q0_DELAY  0.779                  3.863  2       
counter[3]                                                   NET DELAY        0.882                  4.745  2       
counter_286_add_4_5/C0->counter_286_add_4_5/S0
                                          SLICE_R5C5C        C0_TO_F0_DELAY   0.252                  4.997  1       
n89[3]                                                       NET DELAY        0.000                  4.997  1       
counter_286__i3/D                                            ENDPOINT         0.000                  4.997  1       


Destination Clock Path
Name                                      Cell/Site Name     Delay Name       Incr   Arrival/Required Time  Fanout  
----------------------------------------  -----------------  ---------------  -----  ---------------------  ------  
                                                             CONSTRAINT       0.000                  0.000  1       
hf_osc.osc_inst/CLKHF                     HFOSC_HFOSC_R1C32  CLOCK LATENCY    0.000                  0.000  14      
int_osc                                                      NET DELAY        3.084                  3.084  14      
{counter_286__i3/CK   counter_286__i4/CK}
                                                             CLOCK PIN        0.000                  3.084  1       
                                                             Uncertainty      0.000                  3.084  
                                                             Hold time        0.000                  3.084  
----------------------------------------  -----------------  ---------------  -----  ---------------------  ------  
Required Time                                                                                       -3.084  
Arrival Time                                                                                         4.997  
----------------------------------------  -----------------  ---------------  -----  ---------------------  ------  
Path Slack  (Passed)                                                                                 1.913  




++++ Path 2 ++++++++++++++++++++++++++++++++++++++++++++++++++++++++++ 

Path Begin       : counter_286__i4/Q  (SLICE_R5C5C)
Path End         : counter_286__i4/D  (SLICE_R5C5C)
Source Clock     : int_osc (R)
Destination Clock: int_osc (R)
Logic Level      : 2
Delay Ratio      : 46.1% (route), 53.9% (logic)
Clock Skew       : 0.000 ns 
Hold Constraint  : 0.000 ns 
Path Slack       : 1.913 ns  (Passed)


Source Clock Path
Name                                      Cell/Site Name     Delay Name       Incr   Arrival/Required Time  Fanout  
----------------------------------------  -----------------  ---------------  -----  ---------------------  ------  
hf_osc.osc_inst/CLKHF                     HFOSC_HFOSC_R1C32  CLOCK LATENCY    0.000                  0.000  14      
int_osc                                                      NET DELAY        3.084                  3.084  14      
{counter_286__i3/CK   counter_286__i4/CK}
                                                             CLOCK PIN        0.000                  3.084  1       


Data Path
Name                                      Cell/Site Name     Delay Name       Incr   Arrival/Required Time  Fanout  
----------------------------------------  -----------------  ---------------  -----  ---------------------  ------  
counter_286__i4/CK->counter_286__i4/Q     SLICE_R5C5C        CLK_TO_Q1_DELAY  0.779                  3.863  2       
counter[4]                                                   NET DELAY        0.882                  4.745  2       
counter_286_add_4_5/C1->counter_286_add_4_5/S1
                                          SLICE_R5C5C        C1_TO_F1_DELAY   0.252                  4.997  1       
n89[4]                                                       NET DELAY        0.000                  4.997  1       
counter_286__i4/D                                            ENDPOINT         0.000                  4.997  1       


Destination Clock Path
Name                                      Cell/Site Name     Delay Name       Incr   Arrival/Required Time  Fanout  
----------------------------------------  -----------------  ---------------  -----  ---------------------  ------  
                                                             CONSTRAINT       0.000                  0.000  1       
hf_osc.osc_inst/CLKHF                     HFOSC_HFOSC_R1C32  CLOCK LATENCY    0.000                  0.000  14      
int_osc                                                      NET DELAY        3.084                  3.084  14      
{counter_286__i3/CK   counter_286__i4/CK}
                                                             CLOCK PIN        0.000                  3.084  1       
                                                             Uncertainty      0.000                  3.084  
                                                             Hold time        0.000                  3.084  
----------------------------------------  -----------------  ---------------  -----  ---------------------  ------  
Required Time                                                                                       -3.084  
Arrival Time                                                                                         4.997  
----------------------------------------  -----------------  ---------------  -----  ---------------------  ------  
Path Slack  (Passed)                                                                                 1.913  




++++ Path 3 ++++++++++++++++++++++++++++++++++++++++++++++++++++++++++ 

Path Begin       : counter_286__i5/Q  (SLICE_R5C5D)
Path End         : counter_286__i5/D  (SLICE_R5C5D)
Source Clock     : int_osc (R)
Destination Clock: int_osc (R)
Logic Level      : 2
Delay Ratio      : 46.1% (route), 53.9% (logic)
Clock Skew       : 0.000 ns 
Hold Constraint  : 0.000 ns 
Path Slack       : 1.913 ns  (Passed)


Source Clock Path
Name                                      Cell/Site Name     Delay Name       Incr   Arrival/Required Time  Fanout  
----------------------------------------  -----------------  ---------------  -----  ---------------------  ------  
hf_osc.osc_inst/CLKHF                     HFOSC_HFOSC_R1C32  CLOCK LATENCY    0.000                  0.000  14      
int_osc                                                      NET DELAY        3.084                  3.084  14      
{counter_286__i5/CK   counter_286__i6/CK}
                                                             CLOCK PIN        0.000                  3.084  1       


Data Path
Name                                      Cell/Site Name     Delay Name       Incr   Arrival/Required Time  Fanout  
----------------------------------------  -----------------  ---------------  -----  ---------------------  ------  
counter_286__i5/CK->counter_286__i5/Q     SLICE_R5C5D        CLK_TO_Q0_DELAY  0.779                  3.863  2       
counter[5]                                                   NET DELAY        0.882                  4.745  2       
counter_286_add_4_7/C0->counter_286_add_4_7/S0
                                          SLICE_R5C5D        C0_TO_F0_DELAY   0.252                  4.997  1       
n89[5]                                                       NET DELAY        0.000                  4.997  1       
counter_286__i5/D                                            ENDPOINT         0.000                  4.997  1       


Destination Clock Path
Name                                      Cell/Site Name     Delay Name       Incr   Arrival/Required Time  Fanout  
----------------------------------------  -----------------  ---------------  -----  ---------------------  ------  
                                                             CONSTRAINT       0.000                  0.000  1       
hf_osc.osc_inst/CLKHF                     HFOSC_HFOSC_R1C32  CLOCK LATENCY    0.000                  0.000  14      
int_osc                                                      NET DELAY        3.084                  3.084  14      
{counter_286__i5/CK   counter_286__i6/CK}
                                                             CLOCK PIN        0.000                  3.084  1       
                                                             Uncertainty      0.000                  3.084  
                                                             Hold time        0.000                  3.084  
----------------------------------------  -----------------  ---------------  -----  ---------------------  ------  
Required Time                                                                                       -3.084  
Arrival Time                                                                                         4.997  
----------------------------------------  -----------------  ---------------  -----  ---------------------  ------  
Path Slack  (Passed)                                                                                 1.913  




++++ Path 4 ++++++++++++++++++++++++++++++++++++++++++++++++++++++++++ 

Path Begin       : counter_286__i6/Q  (SLICE_R5C5D)
Path End         : counter_286__i6/D  (SLICE_R5C5D)
Source Clock     : int_osc (R)
Destination Clock: int_osc (R)
Logic Level      : 2
Delay Ratio      : 46.1% (route), 53.9% (logic)
Clock Skew       : 0.000 ns 
Hold Constraint  : 0.000 ns 
Path Slack       : 1.913 ns  (Passed)


Source Clock Path
Name                                      Cell/Site Name     Delay Name       Incr   Arrival/Required Time  Fanout  
----------------------------------------  -----------------  ---------------  -----  ---------------------  ------  
hf_osc.osc_inst/CLKHF                     HFOSC_HFOSC_R1C32  CLOCK LATENCY    0.000                  0.000  14      
int_osc                                                      NET DELAY        3.084                  3.084  14      
{counter_286__i5/CK   counter_286__i6/CK}
                                                             CLOCK PIN        0.000                  3.084  1       


Data Path
Name                                      Cell/Site Name     Delay Name       Incr   Arrival/Required Time  Fanout  
----------------------------------------  -----------------  ---------------  -----  ---------------------  ------  
counter_286__i6/CK->counter_286__i6/Q     SLICE_R5C5D        CLK_TO_Q1_DELAY  0.779                  3.863  2       
counter[6]                                                   NET DELAY        0.882                  4.745  2       
counter_286_add_4_7/C1->counter_286_add_4_7/S1
                                          SLICE_R5C5D        C1_TO_F1_DELAY   0.252                  4.997  1       
n89[6]                                                       NET DELAY        0.000                  4.997  1       
counter_286__i6/D                                            ENDPOINT         0.000                  4.997  1       


Destination Clock Path
Name                                      Cell/Site Name     Delay Name       Incr   Arrival/Required Time  Fanout  
----------------------------------------  -----------------  ---------------  -----  ---------------------  ------  
                                                             CONSTRAINT       0.000                  0.000  1       
hf_osc.osc_inst/CLKHF                     HFOSC_HFOSC_R1C32  CLOCK LATENCY    0.000                  0.000  14      
int_osc                                                      NET DELAY        3.084                  3.084  14      
{counter_286__i5/CK   counter_286__i6/CK}
                                                             CLOCK PIN        0.000                  3.084  1       
                                                             Uncertainty      0.000                  3.084  
                                                             Hold time        0.000                  3.084  
----------------------------------------  -----------------  ---------------  -----  ---------------------  ------  
Required Time                                                                                       -3.084  
Arrival Time                                                                                         4.997  
----------------------------------------  -----------------  ---------------  -----  ---------------------  ------  
Path Slack  (Passed)                                                                                 1.913  




++++ Path 5 ++++++++++++++++++++++++++++++++++++++++++++++++++++++++++ 

Path Begin       : counter_286__i7/Q  (SLICE_R5C6A)
Path End         : counter_286__i7/D  (SLICE_R5C6A)
Source Clock     : int_osc (R)
Destination Clock: int_osc (R)
Logic Level      : 2
Delay Ratio      : 46.1% (route), 53.9% (logic)
Clock Skew       : 0.000 ns 
Hold Constraint  : 0.000 ns 
Path Slack       : 1.913 ns  (Passed)


Source Clock Path
Name                                      Cell/Site Name     Delay Name       Incr   Arrival/Required Time  Fanout  
----------------------------------------  -----------------  ---------------  -----  ---------------------  ------  
hf_osc.osc_inst/CLKHF                     HFOSC_HFOSC_R1C32  CLOCK LATENCY    0.000                  0.000  14      
int_osc                                                      NET DELAY        3.084                  3.084  14      
{counter_286__i7/CK   counter_286__i8/CK}
                                                             CLOCK PIN        0.000                  3.084  1       


Data Path
Name                                      Cell/Site Name     Delay Name       Incr   Arrival/Required Time  Fanout  
----------------------------------------  -----------------  ---------------  -----  ---------------------  ------  
counter_286__i7/CK->counter_286__i7/Q     SLICE_R5C6A        CLK_TO_Q0_DELAY  0.779                  3.863  2       
counter[7]                                                   NET DELAY        0.882                  4.745  2       
counter_286_add_4_9/C0->counter_286_add_4_9/S0
                                          SLICE_R5C6A        C0_TO_F0_DELAY   0.252                  4.997  1       
n89[7]                                                       NET DELAY        0.000                  4.997  1       
counter_286__i7/D                                            ENDPOINT         0.000                  4.997  1       


Destination Clock Path
Name                                      Cell/Site Name     Delay Name       Incr   Arrival/Required Time  Fanout  
----------------------------------------  -----------------  ---------------  -----  ---------------------  ------  
                                                             CONSTRAINT       0.000                  0.000  1       
hf_osc.osc_inst/CLKHF                     HFOSC_HFOSC_R1C32  CLOCK LATENCY    0.000                  0.000  14      
int_osc                                                      NET DELAY        3.084                  3.084  14      
{counter_286__i7/CK   counter_286__i8/CK}
                                                             CLOCK PIN        0.000                  3.084  1       
                                                             Uncertainty      0.000                  3.084  
                                                             Hold time        0.000                  3.084  
----------------------------------------  -----------------  ---------------  -----  ---------------------  ------  
Required Time                                                                                       -3.084  
Arrival Time                                                                                         4.997  
----------------------------------------  -----------------  ---------------  -----  ---------------------  ------  
Path Slack  (Passed)                                                                                 1.913  




++++ Path 6 ++++++++++++++++++++++++++++++++++++++++++++++++++++++++++ 

Path Begin       : counter_286__i8/Q  (SLICE_R5C6A)
Path End         : counter_286__i8/D  (SLICE_R5C6A)
Source Clock     : int_osc (R)
Destination Clock: int_osc (R)
Logic Level      : 2
Delay Ratio      : 46.1% (route), 53.9% (logic)
Clock Skew       : 0.000 ns 
Hold Constraint  : 0.000 ns 
Path Slack       : 1.913 ns  (Passed)


Source Clock Path
Name                                      Cell/Site Name     Delay Name       Incr   Arrival/Required Time  Fanout  
----------------------------------------  -----------------  ---------------  -----  ---------------------  ------  
hf_osc.osc_inst/CLKHF                     HFOSC_HFOSC_R1C32  CLOCK LATENCY    0.000                  0.000  14      
int_osc                                                      NET DELAY        3.084                  3.084  14      
{counter_286__i7/CK   counter_286__i8/CK}
                                                             CLOCK PIN        0.000                  3.084  1       


Data Path
Name                                      Cell/Site Name     Delay Name       Incr   Arrival/Required Time  Fanout  
----------------------------------------  -----------------  ---------------  -----  ---------------------  ------  
counter_286__i8/CK->counter_286__i8/Q     SLICE_R5C6A        CLK_TO_Q1_DELAY  0.779                  3.863  2       
counter[8]                                                   NET DELAY        0.882                  4.745  2       
counter_286_add_4_9/C1->counter_286_add_4_9/S1
                                          SLICE_R5C6A        C1_TO_F1_DELAY   0.252                  4.997  1       
n89[8]                                                       NET DELAY        0.000                  4.997  1       
counter_286__i8/D                                            ENDPOINT         0.000                  4.997  1       


Destination Clock Path
Name                                      Cell/Site Name     Delay Name       Incr   Arrival/Required Time  Fanout  
----------------------------------------  -----------------  ---------------  -----  ---------------------  ------  
                                                             CONSTRAINT       0.000                  0.000  1       
hf_osc.osc_inst/CLKHF                     HFOSC_HFOSC_R1C32  CLOCK LATENCY    0.000                  0.000  14      
int_osc                                                      NET DELAY        3.084                  3.084  14      
{counter_286__i7/CK   counter_286__i8/CK}
                                                             CLOCK PIN        0.000                  3.084  1       
                                                             Uncertainty      0.000                  3.084  
                                                             Hold time        0.000                  3.084  
----------------------------------------  -----------------  ---------------  -----  ---------------------  ------  
Required Time                                                                                       -3.084  
Arrival Time                                                                                         4.997  
----------------------------------------  -----------------  ---------------  -----  ---------------------  ------  
Path Slack  (Passed)                                                                                 1.913  




++++ Path 7 ++++++++++++++++++++++++++++++++++++++++++++++++++++++++++ 

Path Begin       : counter_286__i9/Q  (SLICE_R5C6B)
Path End         : counter_286__i9/D  (SLICE_R5C6B)
Source Clock     : int_osc (R)
Destination Clock: int_osc (R)
Logic Level      : 2
Delay Ratio      : 46.1% (route), 53.9% (logic)
Clock Skew       : 0.000 ns 
Hold Constraint  : 0.000 ns 
Path Slack       : 1.913 ns  (Passed)


Source Clock Path
Name                                      Cell/Site Name     Delay Name       Incr   Arrival/Required Time  Fanout  
----------------------------------------  -----------------  ---------------  -----  ---------------------  ------  
hf_osc.osc_inst/CLKHF                     HFOSC_HFOSC_R1C32  CLOCK LATENCY    0.000                  0.000  14      
int_osc                                                      NET DELAY        3.084                  3.084  14      
{counter_286__i9/CK   counter_286__i10/CK}
                                                             CLOCK PIN        0.000                  3.084  1       


Data Path
Name                                      Cell/Site Name     Delay Name       Incr   Arrival/Required Time  Fanout  
----------------------------------------  -----------------  ---------------  -----  ---------------------  ------  
counter_286__i9/CK->counter_286__i9/Q     SLICE_R5C6B        CLK_TO_Q0_DELAY  0.779                  3.863  2       
counter[9]                                                   NET DELAY        0.882                  4.745  2       
counter_286_add_4_11/C0->counter_286_add_4_11/S0
                                          SLICE_R5C6B        C0_TO_F0_DELAY   0.252                  4.997  1       
n89[9]                                                       NET DELAY        0.000                  4.997  1       
counter_286__i9/D                                            ENDPOINT         0.000                  4.997  1       


Destination Clock Path
Name                                      Cell/Site Name     Delay Name       Incr   Arrival/Required Time  Fanout  
----------------------------------------  -----------------  ---------------  -----  ---------------------  ------  
                                                             CONSTRAINT       0.000                  0.000  1       
hf_osc.osc_inst/CLKHF                     HFOSC_HFOSC_R1C32  CLOCK LATENCY    0.000                  0.000  14      
int_osc                                                      NET DELAY        3.084                  3.084  14      
{counter_286__i9/CK   counter_286__i10/CK}
                                                             CLOCK PIN        0.000                  3.084  1       
                                                             Uncertainty      0.000                  3.084  
                                                             Hold time        0.000                  3.084  
----------------------------------------  -----------------  ---------------  -----  ---------------------  ------  
Required Time                                                                                       -3.084  
Arrival Time                                                                                         4.997  
----------------------------------------  -----------------  ---------------  -----  ---------------------  ------  
Path Slack  (Passed)                                                                                 1.913  




++++ Path 8 ++++++++++++++++++++++++++++++++++++++++++++++++++++++++++ 

Path Begin       : counter_286__i10/Q  (SLICE_R5C6B)
Path End         : counter_286__i10/D  (SLICE_R5C6B)
Source Clock     : int_osc (R)
Destination Clock: int_osc (R)
Logic Level      : 2
Delay Ratio      : 46.1% (route), 53.9% (logic)
Clock Skew       : 0.000 ns 
Hold Constraint  : 0.000 ns 
Path Slack       : 1.913 ns  (Passed)


Source Clock Path
Name                                      Cell/Site Name     Delay Name       Incr   Arrival/Required Time  Fanout  
----------------------------------------  -----------------  ---------------  -----  ---------------------  ------  
hf_osc.osc_inst/CLKHF                     HFOSC_HFOSC_R1C32  CLOCK LATENCY    0.000                  0.000  14      
int_osc                                                      NET DELAY        3.084                  3.084  14      
{counter_286__i9/CK   counter_286__i10/CK}
                                                             CLOCK PIN        0.000                  3.084  1       


Data Path
Name                                      Cell/Site Name     Delay Name       Incr   Arrival/Required Time  Fanout  
----------------------------------------  -----------------  ---------------  -----  ---------------------  ------  
counter_286__i10/CK->counter_286__i10/Q   SLICE_R5C6B        CLK_TO_Q1_DELAY  0.779                  3.863  2       
counter[10]                                                  NET DELAY        0.882                  4.745  2       
counter_286_add_4_11/C1->counter_286_add_4_11/S1
                                          SLICE_R5C6B        C1_TO_F1_DELAY   0.252                  4.997  1       
n89[10]                                                      NET DELAY        0.000                  4.997  1       
counter_286__i10/D                                           ENDPOINT         0.000                  4.997  1       


Destination Clock Path
Name                                      Cell/Site Name     Delay Name       Incr   Arrival/Required Time  Fanout  
----------------------------------------  -----------------  ---------------  -----  ---------------------  ------  
                                                             CONSTRAINT       0.000                  0.000  1       
hf_osc.osc_inst/CLKHF                     HFOSC_HFOSC_R1C32  CLOCK LATENCY    0.000                  0.000  14      
int_osc                                                      NET DELAY        3.084                  3.084  14      
{counter_286__i9/CK   counter_286__i10/CK}
                                                             CLOCK PIN        0.000                  3.084  1       
                                                             Uncertainty      0.000                  3.084  
                                                             Hold time        0.000                  3.084  
----------------------------------------  -----------------  ---------------  -----  ---------------------  ------  
Required Time                                                                                       -3.084  
Arrival Time                                                                                         4.997  
----------------------------------------  -----------------  ---------------  -----  ---------------------  ------  
Path Slack  (Passed)                                                                                 1.913  




++++ Path 9 ++++++++++++++++++++++++++++++++++++++++++++++++++++++++++ 

Path Begin       : counter_286__i11/Q  (SLICE_R5C6C)
Path End         : counter_286__i11/D  (SLICE_R5C6C)
Source Clock     : int_osc (R)
Destination Clock: int_osc (R)
Logic Level      : 2
Delay Ratio      : 46.1% (route), 53.9% (logic)
Clock Skew       : 0.000 ns 
Hold Constraint  : 0.000 ns 
Path Slack       : 1.913 ns  (Passed)


Source Clock Path
Name                                      Cell/Site Name     Delay Name       Incr   Arrival/Required Time  Fanout  
----------------------------------------  -----------------  ---------------  -----  ---------------------  ------  
hf_osc.osc_inst/CLKHF                     HFOSC_HFOSC_R1C32  CLOCK LATENCY    0.000                  0.000  14      
int_osc                                                      NET DELAY        3.084                  3.084  14      
{counter_286__i11/CK   counter_286__i12/CK}
                                                             CLOCK PIN        0.000                  3.084  1       


Data Path
Name                                      Cell/Site Name     Delay Name       Incr   Arrival/Required Time  Fanout  
----------------------------------------  -----------------  ---------------  -----  ---------------------  ------  
counter_286__i11/CK->counter_286__i11/Q   SLICE_R5C6C        CLK_TO_Q0_DELAY  0.779                  3.863  2       
counter[11]                                                  NET DELAY        0.882                  4.745  2       
counter_286_add_4_13/C0->counter_286_add_4_13/S0
                                          SLICE_R5C6C        C0_TO_F0_DELAY   0.252                  4.997  1       
n89[11]                                                      NET DELAY        0.000                  4.997  1       
counter_286__i11/D                                           ENDPOINT         0.000                  4.997  1       


Destination Clock Path
Name                                      Cell/Site Name     Delay Name       Incr   Arrival/Required Time  Fanout  
----------------------------------------  -----------------  ---------------  -----  ---------------------  ------  
                                                             CONSTRAINT       0.000                  0.000  1       
hf_osc.osc_inst/CLKHF                     HFOSC_HFOSC_R1C32  CLOCK LATENCY    0.000                  0.000  14      
int_osc                                                      NET DELAY        3.084                  3.084  14      
{counter_286__i11/CK   counter_286__i12/CK}
                                                             CLOCK PIN        0.000                  3.084  1       
                                                             Uncertainty      0.000                  3.084  
                                                             Hold time        0.000                  3.084  
----------------------------------------  -----------------  ---------------  -----  ---------------------  ------  
Required Time                                                                                       -3.084  
Arrival Time                                                                                         4.997  
----------------------------------------  -----------------  ---------------  -----  ---------------------  ------  
Path Slack  (Passed)                                                                                 1.913  




++++ Path 10 ++++++++++++++++++++++++++++++++++++++++++++++++++++++++++ 

Path Begin       : counter_286__i12/Q  (SLICE_R5C6C)
Path End         : counter_286__i12/D  (SLICE_R5C6C)
Source Clock     : int_osc (R)
Destination Clock: int_osc (R)
Logic Level      : 2
Delay Ratio      : 46.1% (route), 53.9% (logic)
Clock Skew       : 0.000 ns 
Hold Constraint  : 0.000 ns 
Path Slack       : 1.913 ns  (Passed)


Source Clock Path
Name                                      Cell/Site Name     Delay Name       Incr   Arrival/Required Time  Fanout  
----------------------------------------  -----------------  ---------------  -----  ---------------------  ------  
hf_osc.osc_inst/CLKHF                     HFOSC_HFOSC_R1C32  CLOCK LATENCY    0.000                  0.000  14      
int_osc                                                      NET DELAY        3.084                  3.084  14      
{counter_286__i11/CK   counter_286__i12/CK}
                                                             CLOCK PIN        0.000                  3.084  1       


Data Path
Name                                      Cell/Site Name     Delay Name       Incr   Arrival/Required Time  Fanout  
----------------------------------------  -----------------  ---------------  -----  ---------------------  ------  
counter_286__i12/CK->counter_286__i12/Q   SLICE_R5C6C        CLK_TO_Q1_DELAY  0.779                  3.863  2       
counter[12]                                                  NET DELAY        0.882                  4.745  2       
counter_286_add_4_13/C1->counter_286_add_4_13/S1
                                          SLICE_R5C6C        C1_TO_F1_DELAY   0.252                  4.997  1       
n89[12]                                                      NET DELAY        0.000                  4.997  1       
counter_286__i12/D                                           ENDPOINT         0.000                  4.997  1       


Destination Clock Path
Name                                      Cell/Site Name     Delay Name       Incr   Arrival/Required Time  Fanout  
----------------------------------------  -----------------  ---------------  -----  ---------------------  ------  
                                                             CONSTRAINT       0.000                  0.000  1       
hf_osc.osc_inst/CLKHF                     HFOSC_HFOSC_R1C32  CLOCK LATENCY    0.000                  0.000  14      
int_osc                                                      NET DELAY        3.084                  3.084  14      
{counter_286__i11/CK   counter_286__i12/CK}
                                                             CLOCK PIN        0.000                  3.084  1       
                                                             Uncertainty      0.000                  3.084  
                                                             Hold time        0.000                  3.084  
----------------------------------------  -----------------  ---------------  -----  ---------------------  ------  
Required Time                                                                                       -3.084  
Arrival Time                                                                                         4.997  
----------------------------------------  -----------------  ---------------  -----  ---------------------  ------  
Path Slack  (Passed)                                                                                 1.913  



+++++++++++++++++++++++++++++++++++++++++++++++++++++++++++++++++++++ 
                    End of Detailed Report for timing paths 
+++++++++++++++++++++++++++++++++++++++++++++++++++++++++++++++++++++ 


##########################################################



