
                         Lattice Mapping Report File

Design:  top
Family:  iCE40UP
Device:  iCE40UP5K
Package: SG48
Performance Grade:  High-Performance_1.2V

Mapper:    version Radiant Software (64-bit) 2024.2.0.3.0
Mapped on: Fri Dec  5 12:54:50 2025

Design Information
------------------

Command line:   map -pdc
     C:/Users/ihottenrott/Documents/GitHub/e155-final-project/FINAL/pinout.pdc
     -i FINAL_impl_1_syn.udb -o FINAL_impl_1_map.udb -mp FINAL_impl_1.mrp
     -hierrpt -gui -msgset
     C:/Users/ihottenrott/Documents/GitHub/e155-final-project/FINAL/promote.xml

Design Summary
--------------

   Number of slice registers: 248 out of  5280 (5%)
   Number of I/O registers:      0 out of   117 (0%)
   Number of LUT4s:           440 out of  5280 (8%)
      Number of logic LUT4s:             210
      Number of inserted feedthru LUT4s: 176
      Number of ripple logic:             27 (54 LUT4s)
   Number of IO sites used:   17 out of 39 (44%)
      Number of IO sites used for general PIO: 17
      Number of IO sites used for I3C: 0 out of 2 (0%)
      (note: If I3C is not used, its site can be used as general PIO)
      Number of IO sites used for PIO+I3C: 17 out of 36 (47%)
      Number of IO sites used for OD+RGB IO buffers: 0 out of 3 (0%)
      (note: If RGB LED drivers are not used, sites can be used as OD outputs,
       see TN1288 iCE40 LED Driver Usage Guide)
      Number of IO sites used for PIO+I3C+OD+RGB: 17 out of 39 (44%)
   Number of DSPs:             0 out of 8 (0%)
   Number of I2Cs:             0 out of 2 (0%)
   Number of High Speed OSCs:  1 out of 1 (100%)
   Number of Low Speed OSCs:   0 out of 1 (0%)
   Number of RGB PWM:          0 out of 1 (0%)
   Number of RGB Drivers:      0 out of 1 (0%)
   Number of SCL FILTERs:      0 out of 2 (0%)
   Number of SRAMs:            0 out of 4 (0%)
   Number of WARMBOOTs:        0 out of 1 (0%)
   Number of SPIs:             0 out of 2 (0%)
   Number of EBRs:             10 out of 30 (33%)
   Number of PLLs:             0 out of 1 (0%)
   Number of Clocks:  2
      Net int_osc: 12 loads, 12 rising, 0 falling (Driver: Pin
     hf_osc.osc_inst/CLKHF)
      Net test_c: 246 loads, 246 rising, 0 falling (Driver: Pin clk/Q)
   Number of Clock Enables:  5
      Net VCC_net: 21 loads, 0 SLICEs
      Pin reset: 3 loads, 3 SLICEs (Net: reset_c)
      Net lcd_d.n9: 8 loads, 8 SLICEs
      Net lcd_d.n48: 13 loads, 13 SLICEs
      Net lcd_d.n1357: 2 loads, 2 SLICEs
   Number of LSRs:  2

                                    Page 1





Design Summary (cont)
---------------------
      Net n376: 11 loads, 11 SLICEs
      Net pending_screen_change_N_121: 64 loads, 64 SLICEs
   Top 10 highest fanout non-clock nets:
      Net lcd_d.char_counter[1]: 85 loads
      Net pending_screen_change_N_121: 64 loads
      Net lcd_d.char_counter[0]: 45 loads
      Net VCC_net: 45 loads
      Net lcd_d.char_counter[3]: 22 loads
      Net lcd_d.n48: 22 loads
      Net lcd_d.n392: 21 loads
      Net lcd_d.n1349: 16 loads
      Net lcd_d.char_counter[4]: 14 loads
      Net lcd_d.char_counter[2]: 13 loads





   Number of warnings:  0
   Number of criticals: 0
   Number of errors:    0

Design Errors/Criticals/Warnings
--------------------------------

   No error, critical, or warning presents.

IO (PIO) Attributes
-------------------

+---------------------+-----------+-----------+-------+-------+-----------+
| IO Name             | Direction | Levelmode |  IO   |  IO   | Special   |
|                     |           |  IO_TYPE  |  REG  |  DDR  | IO Buffer |
+---------------------+-----------+-----------+-------+-------+-----------+
| DB[7]               | OUTPUT    |           |       |       |           |
+---------------------+-----------+-----------+-------+-------+-----------+
| DB[6]               | OUTPUT    |           |       |       |           |
+---------------------+-----------+-----------+-------+-------+-----------+
| DB[5]               | OUTPUT    |           |       |       |           |
+---------------------+-----------+-----------+-------+-------+-----------+
| DB[4]               | OUTPUT    |           |       |       |           |
+---------------------+-----------+-----------+-------+-------+-----------+
| DB[3]               | OUTPUT    |           |       |       |           |
+---------------------+-----------+-----------+-------+-------+-----------+
| DB[2]               | OUTPUT    |           |       |       |           |
+---------------------+-----------+-----------+-------+-------+-----------+
| DB[1]               | OUTPUT    |           |       |       |           |
+---------------------+-----------+-----------+-------+-------+-----------+
| DB[0]               | OUTPUT    |           |       |       |           |
+---------------------+-----------+-----------+-------+-------+-----------+
| en                  | OUTPUT    |           |       |       |           |
+---------------------+-----------+-----------+-------+-------+-----------+
| rw                  | OUTPUT    |           |       |       |           |
+---------------------+-----------+-----------+-------+-------+-----------+
| rs                  | OUTPUT    |           |       |       |           |
+---------------------+-----------+-----------+-------+-------+-----------+
| test                | OUTPUT    |           |       |       |           |
+---------------------+-----------+-----------+-------+-------+-----------+

                                    Page 2





IO (PIO) Attributes (cont)
--------------------------
| reset               | INPUT     |           |       |       |           |
+---------------------+-----------+-----------+-------+-------+-----------+
| screen[3]           | INPUT     |           |       |       |           |
+---------------------+-----------+-----------+-------+-------+-----------+
| screen[2]           | INPUT     |           |       |       |           |
+---------------------+-----------+-----------+-------+-------+-----------+
| screen[1]           | INPUT     |           |       |       |           |
+---------------------+-----------+-----------+-------+-------+-----------+
| screen[0]           | INPUT     |           |       |       |           |
+---------------------+-----------+-----------+-------+-------+-----------+

Removed logic
-------------

Block i1 was optimized away.

OSC Summary
-----------

OSC 1:                                 Pin/Node Value
  OSC Instance Name:                            hf_osc.osc_inst
  Power UP:                            NODE     VCC_net
  Enable Signal:                       NODE     VCC_net
  OSC Output:                          NODE     int_osc
  DIV Setting:                                  00

ASIC Components
---------------

Instance Name: lcd_d/mes/ebr_inst/lscc_ram_dp_inst/mem_main/NON_MIX.ADDR_ROUTE[0
     ].DATA_ROUTE[9].mem_init.u_mem0/ICE_MEM.u_mem0.ebr_inst
         Type: EBR
Instance Name: lcd_d/mes/ebr_inst/lscc_ram_dp_inst/mem_main/NON_MIX.ADDR_ROUTE[0
     ].DATA_ROUTE[8].mem_init.u_mem0/ICE_MEM.u_mem0.ebr_inst
         Type: EBR
Instance Name: lcd_d/mes/ebr_inst/lscc_ram_dp_inst/mem_main/NON_MIX.ADDR_ROUTE[0
     ].DATA_ROUTE[7].mem_init.u_mem0/ICE_MEM.u_mem0.ebr_inst
         Type: EBR
Instance Name: lcd_d/mes/ebr_inst/lscc_ram_dp_inst/mem_main/NON_MIX.ADDR_ROUTE[0
     ].DATA_ROUTE[6].mem_init.u_mem0/ICE_MEM.u_mem0.ebr_inst
         Type: EBR
Instance Name: lcd_d/mes/ebr_inst/lscc_ram_dp_inst/mem_main/NON_MIX.ADDR_ROUTE[0
     ].DATA_ROUTE[5].mem_init.u_mem0/ICE_MEM.u_mem0.ebr_inst
         Type: EBR
Instance Name: lcd_d/mes/ebr_inst/lscc_ram_dp_inst/mem_main/NON_MIX.ADDR_ROUTE[0
     ].DATA_ROUTE[4].mem_init.u_mem0/ICE_MEM.u_mem0.ebr_inst
         Type: EBR
Instance Name: lcd_d/mes/ebr_inst/lscc_ram_dp_inst/mem_main/NON_MIX.ADDR_ROUTE[0
     ].DATA_ROUTE[3].mem_init.u_mem0/ICE_MEM.u_mem0.ebr_inst
         Type: EBR
Instance Name: lcd_d/mes/ebr_inst/lscc_ram_dp_inst/mem_main/NON_MIX.ADDR_ROUTE[0
     ].DATA_ROUTE[2].mem_init.u_mem0/ICE_MEM.u_mem0.ebr_inst
         Type: EBR
Instance Name: lcd_d/mes/ebr_inst/lscc_ram_dp_inst/mem_main/NON_MIX.ADDR_ROUTE[0
     ].DATA_ROUTE[1].mem_init.u_mem0/ICE_MEM.u_mem0.ebr_inst
         Type: EBR
Instance Name: lcd_d/mes/ebr_inst/lscc_ram_dp_inst/mem_main/NON_MIX.ADDR_ROUTE[0

                                    Page 3





ASIC Components (cont)
----------------------
     ].DATA_ROUTE[0].mem_init.u_mem0/ICE_MEM.u_mem0.ebr_inst
         Type: EBR
Instance Name: hf_osc.osc_inst
         Type: HFOSC

Constraint Summary
------------------

   Total number of constraints: 18
   Total number of constraints dropped: 0

Run Time and Memory Usage
-------------------------

   Total CPU Time: 0 secs
   Total REAL Time: 0 secs
   Peak Memory Usage: 73 MB
Checksum -- map: 2edf3d5dbc8285149e32c64aa6652f4296904b66








































                                    Page 4


Copyright (c) 1991-1994 by NeoCAD Inc. All rights reserved.
Copyright (c) 1995
     AT&T Corp.   All rights reserved.
Copyright (c) 1995-2001 Lucent
     Technologies Inc.  All rights reserved.
Copyright (c) 2001 Agere Systems
     All rights reserved.
Copyright (c) 2002-2024 Lattice Semiconductor
     Corporation,  All rights reserved.
